Component: ARM Compiler 5.06 update 7 (build 960) Tool: armlink [4d3601]

==============================================================================

Section Cross References

    main.o(.text) refers to rt_memclr_w.o(.text) for __aeabi_memclr4
    main.o(.text) refers to misc.o(.text) for NVIC_SetVectorTable
    main.o(.text) refers to delay.o(.text) for delay_init
    main.o(.text) refers to uart.o(.text) for UART_Init
    main.o(.text) refers to led.o(.text) for LED_Init
    main.o(.text) refers to dht11.o(.text) for DHT11_Init
    main.o(.text) refers to oled.o(.text) for OLED_Init
    main.o(.text) refers to str.o(.text) for ClearStr
    main.o(.text) refers to iwdg.o(.text) for Iwdg_Init
    main.o(.text) refers to dflt_clz.o(x$fpl$dfltu) for __aeabi_ui2d
    main.o(.text) refers to ddiv.o(x$fpl$ddiv) for __aeabi_ddiv
    main.o(.text) refers to stm32f10x_iwdg.o(.text) for IWDG_ReloadCounter
    main.o(.text) refers to dht11.o(.data) for Temperature
    main.o(.text) refers to uart.o(.data) for FunCode
    system_stm32f10x.o(.text) refers to system_stm32f10x.o(.data) for SystemCoreClock
    startup_stm32f10x_ld.o(STACK) refers (Special) to heapauxi.o(.text) for __use_two_region_memory
    startup_stm32f10x_ld.o(HEAP) refers (Special) to heapauxi.o(.text) for __use_two_region_memory
    startup_stm32f10x_ld.o(RESET) refers (Special) to heapauxi.o(.text) for __use_two_region_memory
    startup_stm32f10x_ld.o(RESET) refers to startup_stm32f10x_ld.o(STACK) for __initial_sp
    startup_stm32f10x_ld.o(RESET) refers to startup_stm32f10x_ld.o(.text) for Reset_Handler
    startup_stm32f10x_ld.o(RESET) refers to stm32f10x_it.o(.text) for NMI_Handler
    startup_stm32f10x_ld.o(RESET) refers to uart.o(.text) for USART1_IRQHandler
    startup_stm32f10x_ld.o(.text) refers (Special) to heapauxi.o(.text) for __use_two_region_memory
    startup_stm32f10x_ld.o(.text) refers to system_stm32f10x.o(.text) for SystemInit
    startup_stm32f10x_ld.o(.text) refers to __main.o(!!!main) for __main
    startup_stm32f10x_ld.o(.text) refers to startup_stm32f10x_ld.o(HEAP) for Heap_Mem
    startup_stm32f10x_ld.o(.text) refers to startup_stm32f10x_ld.o(STACK) for Stack_Mem
    stm32f10x_gpio.o(.text) refers to stm32f10x_rcc.o(.text) for RCC_APB2PeriphResetCmd
    stm32f10x_rcc.o(.text) refers to stm32f10x_rcc.o(.data) for APBAHBPrescTable
    stm32f10x_i2c.o(.text) refers to stm32f10x_rcc.o(.text) for RCC_APB1PeriphResetCmd
    stm32f10x_usart.o(.text) refers to stm32f10x_rcc.o(.text) for RCC_APB2PeriphResetCmd
    stm32f10x_adc.o(.text) refers to stm32f10x_rcc.o(.text) for RCC_APB2PeriphResetCmd
    stm32f10x_tim.o(.text) refers to stm32f10x_rcc.o(.text) for RCC_APB2PeriphResetCmd
    delay.o(.text) refers to misc.o(.text) for SysTick_CLKSourceConfig
    delay.o(.text) refers to system_stm32f10x.o(.data) for SystemCoreClock
    delay.o(.text) refers to delay.o(.data) for fac_us
    led.o(.text) refers to stm32f10x_gpio.o(.text) for GPIO_Init
    uart.o(.text) refers (Special) to use_no_semi_2.o(.text) for __use_no_semihosting
    uart.o(.text) refers to stm32f10x_rcc.o(.text) for RCC_APB2PeriphClockCmd
    uart.o(.text) refers to stm32f10x_gpio.o(.text) for GPIO_Init
    uart.o(.text) refers to misc.o(.text) for NVIC_Init
    uart.o(.text) refers to stm32f10x_usart.o(.text) for USART_Init
    uart.o(.text) refers to sys.o(.emb_text) for MSR_MSP
    uart.o(.text) refers to uart.o(.data) for buffCounter
    uart.o(.text) refers to uart.o(.bss) for RecBuff
    uart.o(.bss) refers (Special) to use_no_semi_2.o(.text) for __use_no_semihosting
    uart.o(.data) refers (Special) to use_no_semi_2.o(.text) for __use_no_semihosting
    str.o(.text) refers to dleqf.o(x$fpl$dleqf) for __aeabi_cdcmple
    str.o(.text) refers to dfix.o(x$fpl$dfix) for __aeabi_d2iz
    str.o(.text) refers to dflt_clz.o(x$fpl$dflt) for __aeabi_i2d
    str.o(.text) refers to daddsub_clz.o(x$fpl$drsb) for __aeabi_drsub
    str.o(.text) refers to dmul.o(x$fpl$dmul) for __aeabi_dmul
    str.o(.text) refers to daddsub_clz.o(x$fpl$dadd) for __aeabi_dadd
    str.o(.text) refers to ddiv.o(x$fpl$ddiv) for __aeabi_ddiv
    str.o(.text) refers to str.o(.bss) for str
    oled.o(.text) refers to stm32f10x_rcc.o(.text) for RCC_APB2PeriphClockCmd
    oled.o(.text) refers to stm32f10x_gpio.o(.text) for GPIO_Init
    oled.o(.text) refers to delay.o(.text) for delay_ms
    oled.o(.text) refers to oled.o(.bss) for StrBuff
    oled.o(.text) refers to oled.o(.constdata) for F6x8
    dht11.o(.text) refers to stm32f10x_rcc.o(.text) for RCC_APB2PeriphClockCmd
    dht11.o(.text) refers to stm32f10x_gpio.o(.text) for GPIO_Init
    dht11.o(.text) refers to delay.o(.text) for delay_ms
    dht11.o(.text) refers to dflt_clz.o(x$fpl$dfltu) for __aeabi_ui2d
    dht11.o(.text) refers to dmul.o(x$fpl$dmul) for __aeabi_dmul
    dht11.o(.text) refers to ddiv.o(x$fpl$ddiv) for __aeabi_ddiv
    dht11.o(.text) refers to daddsub_clz.o(x$fpl$dadd) for __aeabi_dadd
    dht11.o(.text) refers to d2f.o(x$fpl$d2f) for __aeabi_d2f
    dht11.o(.text) refers to fmul.o(x$fpl$fmul) for __aeabi_fmul
    dht11.o(.text) refers to ffixu.o(x$fpl$ffixu) for __aeabi_f2uiz
    iwdg.o(.text) refers to stm32f10x_iwdg.o(.text) for IWDG_WriteAccessCmd
    use_no_semi_2.o(.text) refers (Special) to use_no_semi.o(.text) for __use_no_semihosting_swi
    __main.o(!!!main) refers to __rtentry.o(.ARM.Collect$$rtentry$$00000000) for __rt_entry
    d2f.o(x$fpl$d2f) refers (Special) to usenofp.o(x$fpl$usenofp) for __I$use$fp
    d2f.o(x$fpl$d2f) refers to fretinf.o(x$fpl$fretinf) for __fpl_fretinf
    d2f.o(x$fpl$d2f) refers to dnaninf.o(x$fpl$dnaninf) for __fpl_dnaninf
    daddsub_clz.o(x$fpl$dadd) refers (Special) to usenofp.o(x$fpl$usenofp) for __I$use$fp
    daddsub_clz.o(x$fpl$dadd) refers to daddsub_clz.o(x$fpl$dsub) for _dsub1
    daddsub_clz.o(x$fpl$dadd) refers to dretinf.o(x$fpl$dretinf) for __fpl_dretinf
    daddsub_clz.o(x$fpl$dadd) refers to dnaninf.o(x$fpl$dnaninf) for __fpl_dnaninf
    daddsub_clz.o(x$fpl$drsb) refers (Special) to usenofp.o(x$fpl$usenofp) for __I$use$fp
    daddsub_clz.o(x$fpl$drsb) refers to daddsub_clz.o(x$fpl$dadd) for _dadd1
    daddsub_clz.o(x$fpl$drsb) refers to daddsub_clz.o(x$fpl$dsub) for _dsub1
    daddsub_clz.o(x$fpl$dsub) refers (Special) to usenofp.o(x$fpl$usenofp) for __I$use$fp
    daddsub_clz.o(x$fpl$dsub) refers to daddsub_clz.o(x$fpl$dadd) for _dadd1
    daddsub_clz.o(x$fpl$dsub) refers to dnaninf.o(x$fpl$dnaninf) for __fpl_dnaninf
    ddiv.o(x$fpl$drdiv) refers (Special) to usenofp.o(x$fpl$usenofp) for __I$use$fp
    ddiv.o(x$fpl$drdiv) refers to ddiv.o(x$fpl$ddiv) for ddiv_entry
    ddiv.o(x$fpl$ddiv) refers (Special) to usenofp.o(x$fpl$usenofp) for __I$use$fp
    ddiv.o(x$fpl$ddiv) refers to dretinf.o(x$fpl$dretinf) for __fpl_dretinf
    ddiv.o(x$fpl$ddiv) refers to dnaninf.o(x$fpl$dnaninf) for __fpl_dnaninf
    dfix.o(x$fpl$dfix) refers (Special) to usenofp.o(x$fpl$usenofp) for __I$use$fp
    dfix.o(x$fpl$dfix) refers to dnaninf.o(x$fpl$dnaninf) for __fpl_dnaninf
    dfix.o(x$fpl$dfixr) refers (Special) to usenofp.o(x$fpl$usenofp) for __I$use$fp
    dfix.o(x$fpl$dfixr) refers to dnaninf.o(x$fpl$dnaninf) for __fpl_dnaninf
    dflt_clz.o(x$fpl$dfltu) refers (Special) to usenofp.o(x$fpl$usenofp) for __I$use$fp
    dflt_clz.o(x$fpl$dflt) refers (Special) to usenofp.o(x$fpl$usenofp) for __I$use$fp
    dflt_clz.o(x$fpl$dfltn) refers (Special) to usenofp.o(x$fpl$usenofp) for __I$use$fp
    dleqf.o(x$fpl$dleqf) refers (Special) to usenofp.o(x$fpl$usenofp) for __I$use$fp
    dleqf.o(x$fpl$dleqf) refers to dnaninf.o(x$fpl$dnaninf) for __fpl_dnaninf
    dleqf.o(x$fpl$dleqf) refers to dcmpi.o(x$fpl$dcmpinf) for __fpl_dcmp_Inf
    dmul.o(x$fpl$dmul) refers (Special) to usenofp.o(x$fpl$usenofp) for __I$use$fp
    dmul.o(x$fpl$dmul) refers to dretinf.o(x$fpl$dretinf) for __fpl_dretinf
    dmul.o(x$fpl$dmul) refers to dnaninf.o(x$fpl$dnaninf) for __fpl_dnaninf
    ffixu.o(x$fpl$ffixu) refers (Special) to usenofp.o(x$fpl$usenofp) for __I$use$fp
    ffixu.o(x$fpl$ffixu) refers to fnaninf.o(x$fpl$fnaninf) for __fpl_fnaninf
    ffixu.o(x$fpl$ffixur) refers (Special) to usenofp.o(x$fpl$usenofp) for __I$use$fp
    ffixu.o(x$fpl$ffixur) refers to fnaninf.o(x$fpl$fnaninf) for __fpl_fnaninf
    fmul.o(x$fpl$fmul) refers (Special) to usenofp.o(x$fpl$usenofp) for __I$use$fp
    fmul.o(x$fpl$fmul) refers to fretinf.o(x$fpl$fretinf) for __fpl_fretinf
    fmul.o(x$fpl$fmul) refers to fnaninf.o(x$fpl$fnaninf) for __fpl_fnaninf
    __rtentry.o(.ARM.Collect$$rtentry$$00000000) refers (Special) to __rtentry2.o(.ARM.Collect$$rtentry$$0000000A) for __rt_entry_li
    __rtentry.o(.ARM.Collect$$rtentry$$00000000) refers (Special) to __rtentry2.o(.ARM.Collect$$rtentry$$0000000D) for __rt_entry_main
    __rtentry.o(.ARM.Collect$$rtentry$$00000000) refers (Special) to __rtentry2.o(.ARM.Collect$$rtentry$$0000000C) for __rt_entry_postli_1
    __rtentry.o(.ARM.Collect$$rtentry$$00000000) refers (Special) to __rtentry2.o(.ARM.Collect$$rtentry$$00000009) for __rt_entry_postsh_1
    __rtentry.o(.ARM.Collect$$rtentry$$00000000) refers (Special) to __rtentry2.o(.ARM.Collect$$rtentry$$00000002) for __rt_entry_presh_1
    __rtentry.o(.ARM.Collect$$rtentry$$00000000) refers (Special) to __rtentry4.o(.ARM.Collect$$rtentry$$00000004) for __rt_entry_sh
    dcmpi.o(x$fpl$dcmpinf) refers (Special) to usenofp.o(x$fpl$usenofp) for __I$use$fp
    dnaninf.o(x$fpl$dnaninf) refers (Special) to usenofp.o(x$fpl$usenofp) for __I$use$fp
    dretinf.o(x$fpl$dretinf) refers (Special) to usenofp.o(x$fpl$usenofp) for __I$use$fp
    fnaninf.o(x$fpl$fnaninf) refers (Special) to usenofp.o(x$fpl$usenofp) for __I$use$fp
    fretinf.o(x$fpl$fretinf) refers (Special) to usenofp.o(x$fpl$usenofp) for __I$use$fp
    __rtentry2.o(.ARM.Collect$$rtentry$$00000008) refers to boardinit2.o(.text) for _platform_post_stackheap_init
    __rtentry2.o(.ARM.Collect$$rtentry$$0000000A) refers to libinit.o(.ARM.Collect$$libinit$$00000000) for __rt_lib_init
    __rtentry2.o(.ARM.Collect$$rtentry$$0000000B) refers to boardinit3.o(.text) for _platform_post_lib_init
    __rtentry2.o(.ARM.Collect$$rtentry$$0000000D) refers to main.o(.text) for main
    __rtentry2.o(.ARM.Collect$$rtentry$$0000000D) refers to exit.o(.text) for exit
    __rtentry2.o(.ARM.exidx) refers to __rtentry2.o(.ARM.Collect$$rtentry$$00000001) for .ARM.Collect$$rtentry$$00000001
    __rtentry2.o(.ARM.exidx) refers to __rtentry2.o(.ARM.Collect$$rtentry$$00000008) for .ARM.Collect$$rtentry$$00000008
    __rtentry2.o(.ARM.exidx) refers to __rtentry2.o(.ARM.Collect$$rtentry$$0000000A) for .ARM.Collect$$rtentry$$0000000A
    __rtentry2.o(.ARM.exidx) refers to __rtentry2.o(.ARM.Collect$$rtentry$$0000000B) for .ARM.Collect$$rtentry$$0000000B
    __rtentry2.o(.ARM.exidx) refers to __rtentry2.o(.ARM.Collect$$rtentry$$0000000D) for .ARM.Collect$$rtentry$$0000000D
    __rtentry4.o(.ARM.Collect$$rtentry$$00000004) refers to sys_stackheap_outer.o(.text) for __user_setup_stackheap
    __rtentry4.o(.ARM.exidx) refers to __rtentry4.o(.ARM.Collect$$rtentry$$00000004) for .ARM.Collect$$rtentry$$00000004
    sys_stackheap_outer.o(.text) refers to libspace.o(.text) for __user_perproc_libspace
    sys_stackheap_outer.o(.text) refers to startup_stm32f10x_ld.o(.text) for __user_initial_stackheap
    exit.o(.text) refers to rtexit.o(.ARM.Collect$$rtexit$$00000000) for __rt_exit
    libinit.o(.ARM.Collect$$libinit$$00000000) refers (Special) to libinit2.o(.ARM.Collect$$libinit$$0000002E) for __rt_lib_init_alloca_1
    libinit.o(.ARM.Collect$$libinit$$00000000) refers (Special) to libinit2.o(.ARM.Collect$$libinit$$0000002C) for __rt_lib_init_argv_1
    libinit.o(.ARM.Collect$$libinit$$00000000) refers (Special) to libinit2.o(.ARM.Collect$$libinit$$0000001B) for __rt_lib_init_atexit_1
    libinit.o(.ARM.Collect$$libinit$$00000000) refers (Special) to libinit2.o(.ARM.Collect$$libinit$$00000021) for __rt_lib_init_clock_1
    libinit.o(.ARM.Collect$$libinit$$00000000) refers (Special) to libinit2.o(.ARM.Collect$$libinit$$00000032) for __rt_lib_init_cpp_1
    libinit.o(.ARM.Collect$$libinit$$00000000) refers (Special) to libinit2.o(.ARM.Collect$$libinit$$00000030) for __rt_lib_init_exceptions_1
    libinit.o(.ARM.Collect$$libinit$$00000000) refers (Special) to libinit2.o(.ARM.Collect$$libinit$$00000002) for __rt_lib_init_fp_1
    libinit.o(.ARM.Collect$$libinit$$00000000) refers (Special) to libinit2.o(.ARM.Collect$$libinit$$0000001F) for __rt_lib_init_fp_trap_1
    libinit.o(.ARM.Collect$$libinit$$00000000) refers (Special) to libinit2.o(.ARM.Collect$$libinit$$00000023) for __rt_lib_init_getenv_1
    libinit.o(.ARM.Collect$$libinit$$00000000) refers (Special) to libinit2.o(.ARM.Collect$$libinit$$0000000A) for __rt_lib_init_heap_1
    libinit.o(.ARM.Collect$$libinit$$00000000) refers (Special) to libinit2.o(.ARM.Collect$$libinit$$00000011) for __rt_lib_init_lc_collate_1
    libinit.o(.ARM.Collect$$libinit$$00000000) refers (Special) to libinit2.o(.ARM.Collect$$libinit$$00000013) for __rt_lib_init_lc_ctype_1
    libinit.o(.ARM.Collect$$libinit$$00000000) refers (Special) to libinit2.o(.ARM.Collect$$libinit$$00000015) for __rt_lib_init_lc_monetary_1
    libinit.o(.ARM.Collect$$libinit$$00000000) refers (Special) to libinit2.o(.ARM.Collect$$libinit$$00000017) for __rt_lib_init_lc_numeric_1
    libinit.o(.ARM.Collect$$libinit$$00000000) refers (Special) to libinit2.o(.ARM.Collect$$libinit$$00000019) for __rt_lib_init_lc_time_1
    libinit.o(.ARM.Collect$$libinit$$00000000) refers (Special) to libinit2.o(.ARM.Collect$$libinit$$00000004) for __rt_lib_init_preinit_1
    libinit.o(.ARM.Collect$$libinit$$00000000) refers (Special) to libinit2.o(.ARM.Collect$$libinit$$0000000E) for __rt_lib_init_rand_1
    libinit.o(.ARM.Collect$$libinit$$00000000) refers (Special) to libinit2.o(.ARM.Collect$$libinit$$00000033) for __rt_lib_init_return
    libinit.o(.ARM.Collect$$libinit$$00000000) refers (Special) to libinit2.o(.ARM.Collect$$libinit$$0000001D) for __rt_lib_init_signal_1
    libinit.o(.ARM.Collect$$libinit$$00000000) refers (Special) to libinit2.o(.ARM.Collect$$libinit$$00000025) for __rt_lib_init_stdio_1
    libinit.o(.ARM.Collect$$libinit$$00000000) refers (Special) to libinit2.o(.ARM.Collect$$libinit$$0000000C) for __rt_lib_init_user_alloc_1
    libspace.o(.text) refers to libspace.o(.bss) for __libspace_start
    rtexit.o(.ARM.Collect$$rtexit$$00000000) refers (Special) to rtexit2.o(.ARM.Collect$$rtexit$$00000004) for __rt_exit_exit
    rtexit.o(.ARM.Collect$$rtexit$$00000000) refers (Special) to rtexit2.o(.ARM.Collect$$rtexit$$00000003) for __rt_exit_ls
    rtexit.o(.ARM.Collect$$rtexit$$00000000) refers (Special) to rtexit2.o(.ARM.Collect$$rtexit$$00000002) for __rt_exit_prels_1
    rtexit.o(.ARM.exidx) refers (Special) to rtexit2.o(.ARM.Collect$$rtexit$$00000004) for __rt_exit_exit
    rtexit.o(.ARM.exidx) refers (Special) to rtexit2.o(.ARM.Collect$$rtexit$$00000003) for __rt_exit_ls
    rtexit.o(.ARM.exidx) refers (Special) to rtexit2.o(.ARM.Collect$$rtexit$$00000002) for __rt_exit_prels_1
    rtexit.o(.ARM.exidx) refers to rtexit.o(.ARM.Collect$$rtexit$$00000000) for .ARM.Collect$$rtexit$$00000000
    libinit2.o(.ARM.Collect$$libinit$$00000010) refers to libinit2.o(.ARM.Collect$$libinit$$0000000F) for .ARM.Collect$$libinit$$0000000F
    libinit2.o(.ARM.Collect$$libinit$$00000012) refers to libinit2.o(.ARM.Collect$$libinit$$0000000F) for .ARM.Collect$$libinit$$0000000F
    libinit2.o(.ARM.Collect$$libinit$$00000014) refers to libinit2.o(.ARM.Collect$$libinit$$0000000F) for .ARM.Collect$$libinit$$0000000F
    libinit2.o(.ARM.Collect$$libinit$$00000016) refers to libinit2.o(.ARM.Collect$$libinit$$0000000F) for .ARM.Collect$$libinit$$0000000F
    libinit2.o(.ARM.Collect$$libinit$$00000018) refers to libinit2.o(.ARM.Collect$$libinit$$0000000F) for .ARM.Collect$$libinit$$0000000F
    libinit2.o(.ARM.Collect$$libinit$$00000026) refers to argv_veneer.o(.emb_text) for __ARM_argv_veneer
    libinit2.o(.ARM.Collect$$libinit$$00000027) refers to argv_veneer.o(.emb_text) for __ARM_argv_veneer
    rtexit2.o(.ARM.Collect$$rtexit$$00000003) refers to libshutdown.o(.ARM.Collect$$libshutdown$$00000000) for __rt_lib_shutdown
    rtexit2.o(.ARM.Collect$$rtexit$$00000004) refers to uart.o(.text) for _sys_exit
    rtexit2.o(.ARM.exidx) refers to rtexit2.o(.ARM.Collect$$rtexit$$00000001) for .ARM.Collect$$rtexit$$00000001
    rtexit2.o(.ARM.exidx) refers to rtexit2.o(.ARM.Collect$$rtexit$$00000003) for .ARM.Collect$$rtexit$$00000003
    rtexit2.o(.ARM.exidx) refers to rtexit2.o(.ARM.Collect$$rtexit$$00000004) for .ARM.Collect$$rtexit$$00000004
    argv_veneer.o(.emb_text) refers to no_argv.o(.text) for __ARM_get_argv
    _get_argv_nomalloc.o(.text) refers (Special) to hrguard.o(.text) for __heap_region$guard
    _get_argv_nomalloc.o(.text) refers to defsig_rtmem_outer.o(.text) for __rt_SIGRTMEM
    _get_argv_nomalloc.o(.text) refers to sys_command.o(.text) for _sys_command_string
    libshutdown.o(.ARM.Collect$$libshutdown$$00000000) refers (Special) to libshutdown2.o(.ARM.Collect$$libshutdown$$00000004) for __rt_lib_shutdown_cpp_1
    libshutdown.o(.ARM.Collect$$libshutdown$$00000000) refers (Special) to libshutdown2.o(.ARM.Collect$$libshutdown$$00000002) for __rt_lib_shutdown_fini_1
    libshutdown.o(.ARM.Collect$$libshutdown$$00000000) refers (Special) to libshutdown2.o(.ARM.Collect$$libshutdown$$00000009) for __rt_lib_shutdown_fp_trap_1
    libshutdown.o(.ARM.Collect$$libshutdown$$00000000) refers (Special) to libshutdown2.o(.ARM.Collect$$libshutdown$$00000011) for __rt_lib_shutdown_heap_1
    libshutdown.o(.ARM.Collect$$libshutdown$$00000000) refers (Special) to libshutdown2.o(.ARM.Collect$$libshutdown$$00000012) for __rt_lib_shutdown_return
    libshutdown.o(.ARM.Collect$$libshutdown$$00000000) refers (Special) to libshutdown2.o(.ARM.Collect$$libshutdown$$0000000C) for __rt_lib_shutdown_signal_1
    libshutdown.o(.ARM.Collect$$libshutdown$$00000000) refers (Special) to libshutdown2.o(.ARM.Collect$$libshutdown$$00000006) for __rt_lib_shutdown_stdio_1
    libshutdown.o(.ARM.Collect$$libshutdown$$00000000) refers (Special) to libshutdown2.o(.ARM.Collect$$libshutdown$$0000000E) for __rt_lib_shutdown_user_alloc_1
    sys_command.o(.text) refers (Special) to use_no_semi.o(.text) for __I$use$semihosting
    sys_command.o(.text) refers (Special) to indicate_semi.o(.text) for __semihosting_library_function
    defsig_rtmem_outer.o(.text) refers to defsig_rtmem_inner.o(.text) for __rt_SIGRTMEM_inner
    defsig_rtmem_outer.o(.text) refers to defsig_exit.o(.text) for __sig_exit
    defsig_rtmem_formal.o(.text) refers to rt_raise.o(.text) for __rt_raise
    rt_raise.o(.text) refers to __raise.o(.text) for __raise
    rt_raise.o(.text) refers to uart.o(.text) for _sys_exit
    defsig_exit.o(.text) refers to uart.o(.text) for _sys_exit
    defsig_rtmem_inner.o(.text) refers to defsig_general.o(.text) for __default_signal_display
    __raise.o(.text) refers to defsig.o(CL$$defsig) for __default_signal_handler
    defsig_general.o(.text) refers to uart.o(.text) for _ttywrch
    defsig.o(CL$$defsig) refers to defsig_rtmem_inner.o(.text) for __rt_SIGRTMEM_inner
    defsig_abrt_inner.o(.text) refers to defsig_general.o(.text) for __default_signal_display
    defsig_fpe_inner.o(.text) refers to defsig_general.o(.text) for __default_signal_display
    defsig_rtred_inner.o(.text) refers to defsig_general.o(.text) for __default_signal_display
    defsig_stak_inner.o(.text) refers to defsig_general.o(.text) for __default_signal_display
    defsig_pvfn_inner.o(.text) refers to defsig_general.o(.text) for __default_signal_display
    defsig_cppl_inner.o(.text) refers to defsig_general.o(.text) for __default_signal_display
    defsig_segv_inner.o(.text) refers to defsig_general.o(.text) for __default_signal_display
    defsig_other.o(.text) refers to defsig_general.o(.text) for __default_signal_display


==============================================================================

Removing Unused input sections from the image.

    Removing main.o(.data), (1760 bytes).
    Removing core_cm3.o(.emb_text), (32 bytes).
    Removing stm32f10x_i2c.o(.text), (1028 bytes).
    Removing stm32f10x_adc.o(.text), (1102 bytes).
    Removing stm32f10x_tim.o(.text), (3610 bytes).
    Removing stm32f10x_flash.o(.text), (1468 bytes).
    Removing stm32f10x_dma.o(.text), (596 bytes).
    Removing sys.o(.text), (12 bytes).

8 unused section(s) (total 9608 bytes) removed from the image.

==============================================================================

Image Symbol Table

    Local Symbols

    Symbol Name                              Value     Ov Type        Size  Object(Section)

    ../clib/angel/boardlib.s                 0x00000000   Number         0  boardinit1.o ABSOLUTE
    ../clib/angel/boardlib.s                 0x00000000   Number         0  boardshut.o ABSOLUTE
    ../clib/angel/boardlib.s                 0x00000000   Number         0  boardinit3.o ABSOLUTE
    ../clib/angel/boardlib.s                 0x00000000   Number         0  boardinit2.o ABSOLUTE
    ../clib/angel/handlers.s                 0x00000000   Number         0  __scatter_zi.o ABSOLUTE
    ../clib/angel/handlers.s                 0x00000000   Number         0  __scatter_copy.o ABSOLUTE
    ../clib/angel/kernel.s                   0x00000000   Number         0  __rtentry2.o ABSOLUTE
    ../clib/angel/kernel.s                   0x00000000   Number         0  __rtentry4.o ABSOLUTE
    ../clib/angel/kernel.s                   0x00000000   Number         0  rtexit2.o ABSOLUTE
    ../clib/angel/kernel.s                   0x00000000   Number         0  rtexit.o ABSOLUTE
    ../clib/angel/kernel.s                   0x00000000   Number         0  __rtentry.o ABSOLUTE
    ../clib/angel/rt.s                       0x00000000   Number         0  rt_raise.o ABSOLUTE
    ../clib/angel/scatter.s                  0x00000000   Number         0  __scatter.o ABSOLUTE
    ../clib/angel/startup.s                  0x00000000   Number         0  __main.o ABSOLUTE
    ../clib/angel/sys.s                      0x00000000   Number         0  sys_stackheap_outer.o ABSOLUTE
    ../clib/angel/sys.s                      0x00000000   Number         0  libspace.o ABSOLUTE
    ../clib/angel/sys.s                      0x00000000   Number         0  use_no_semi_2.o ABSOLUTE
    ../clib/angel/sys.s                      0x00000000   Number         0  indicate_semi.o ABSOLUTE
    ../clib/angel/sys.s                      0x00000000   Number         0  use_no_semi.o ABSOLUTE
    ../clib/angel/sysapp.c                   0x00000000   Number         0  sys_command.o ABSOLUTE
    ../clib/armsys.c                         0x00000000   Number         0  argv_veneer.o ABSOLUTE
    ../clib/armsys.c                         0x00000000   Number         0  argv_veneer.o ABSOLUTE
    ../clib/armsys.c                         0x00000000   Number         0  _get_argv_nomalloc.o ABSOLUTE
    ../clib/armsys.c                         0x00000000   Number         0  no_argv.o ABSOLUTE
    ../clib/heapalloc.c                      0x00000000   Number         0  hrguard.o ABSOLUTE
    ../clib/heapaux.c                        0x00000000   Number         0  heapauxi.o ABSOLUTE
    ../clib/libinit.s                        0x00000000   Number         0  libinit2.o ABSOLUTE
    ../clib/libinit.s                        0x00000000   Number         0  libshutdown.o ABSOLUTE
    ../clib/libinit.s                        0x00000000   Number         0  libshutdown2.o ABSOLUTE
    ../clib/libinit.s                        0x00000000   Number         0  libinit.o ABSOLUTE
    ../clib/memcpset.s                       0x00000000   Number         0  rt_memclr_w.o ABSOLUTE
    ../clib/signal.c                         0x00000000   Number         0  defsig_general.o ABSOLUTE
    ../clib/signal.c                         0x00000000   Number         0  __raise.o ABSOLUTE
    ../clib/signal.c                         0x00000000   Number         0  defsig_rtmem_inner.o ABSOLUTE
    ../clib/signal.c                         0x00000000   Number         0  defsig_exit.o ABSOLUTE
    ../clib/signal.c                         0x00000000   Number         0  defsig_abrt_inner.o ABSOLUTE
    ../clib/signal.c                         0x00000000   Number         0  defsig_rtmem_formal.o ABSOLUTE
    ../clib/signal.c                         0x00000000   Number         0  defsig_rtmem_outer.o ABSOLUTE
    ../clib/signal.c                         0x00000000   Number         0  defsig_segv_inner.o ABSOLUTE
    ../clib/signal.c                         0x00000000   Number         0  defsig_cppl_inner.o ABSOLUTE
    ../clib/signal.c                         0x00000000   Number         0  defsig_pvfn_inner.o ABSOLUTE
    ../clib/signal.c                         0x00000000   Number         0  defsig_stak_inner.o ABSOLUTE
    ../clib/signal.c                         0x00000000   Number         0  defsig_rtred_inner.o ABSOLUTE
    ../clib/signal.c                         0x00000000   Number         0  defsig_fpe_inner.o ABSOLUTE
    ../clib/signal.c                         0x00000000   Number         0  defsig_other.o ABSOLUTE
    ../clib/signal.s                         0x00000000   Number         0  defsig.o ABSOLUTE
    ../clib/stdlib.c                         0x00000000   Number         0  exit.o ABSOLUTE
    ../fplib/d2f.s                           0x00000000   Number         0  d2f.o ABSOLUTE
    ../fplib/daddsub.s                       0x00000000   Number         0  daddsub_clz.o ABSOLUTE
    ../fplib/dcmpi.s                         0x00000000   Number         0  dcmpi.o ABSOLUTE
    ../fplib/ddiv.s                          0x00000000   Number         0  ddiv.o ABSOLUTE
    ../fplib/dfix.s                          0x00000000   Number         0  dfix.o ABSOLUTE
    ../fplib/dflt.s                          0x00000000   Number         0  dflt_clz.o ABSOLUTE
    ../fplib/dleqf.s                         0x00000000   Number         0  dleqf.o ABSOLUTE
    ../fplib/dmul.s                          0x00000000   Number         0  dmul.o ABSOLUTE
    ../fplib/dnaninf.s                       0x00000000   Number         0  dnaninf.o ABSOLUTE
    ../fplib/dretinf.s                       0x00000000   Number         0  dretinf.o ABSOLUTE
    ../fplib/ffixu.s                         0x00000000   Number         0  ffixu.o ABSOLUTE
    ../fplib/fmul.s                          0x00000000   Number         0  fmul.o ABSOLUTE
    ../fplib/fnaninf.s                       0x00000000   Number         0  fnaninf.o ABSOLUTE
    ../fplib/fpinit.s                        0x00000000   Number         0  fpinit.o ABSOLUTE
    ../fplib/fretinf.s                       0x00000000   Number         0  fretinf.o ABSOLUTE
    ../fplib/usenofp.s                       0x00000000   Number         0  usenofp.o ABSOLUTE
    ..\CORE\core_cm3.c                       0x00000000   Number         0  core_cm3.o ABSOLUTE
    ..\CORE\startup_stm32f10x_ld.s           0x00000000   Number         0  startup_stm32f10x_ld.o ABSOLUTE
    ..\FWLIB\src\misc.c                      0x00000000   Number         0  misc.o ABSOLUTE
    ..\FWLIB\src\stm32f10x_adc.c             0x00000000   Number         0  stm32f10x_adc.o ABSOLUTE
    ..\FWLIB\src\stm32f10x_dma.c             0x00000000   Number         0  stm32f10x_dma.o ABSOLUTE
    ..\FWLIB\src\stm32f10x_flash.c           0x00000000   Number         0  stm32f10x_flash.o ABSOLUTE
    ..\FWLIB\src\stm32f10x_gpio.c            0x00000000   Number         0  stm32f10x_gpio.o ABSOLUTE
    ..\FWLIB\src\stm32f10x_i2c.c             0x00000000   Number         0  stm32f10x_i2c.o ABSOLUTE
    ..\FWLIB\src\stm32f10x_iwdg.c            0x00000000   Number         0  stm32f10x_iwdg.o ABSOLUTE
    ..\FWLIB\src\stm32f10x_rcc.c             0x00000000   Number         0  stm32f10x_rcc.o ABSOLUTE
    ..\FWLIB\src\stm32f10x_tim.c             0x00000000   Number         0  stm32f10x_tim.o ABSOLUTE
    ..\FWLIB\src\stm32f10x_usart.c           0x00000000   Number         0  stm32f10x_usart.o ABSOLUTE
    ..\MODULE\dht11.c                        0x00000000   Number         0  dht11.o ABSOLUTE
    ..\MODULE\iwdg.c                         0x00000000   Number         0  iwdg.o ABSOLUTE
    ..\MODULE\led.c                          0x00000000   Number         0  led.o ABSOLUTE
    ..\MODULE\oled.c                         0x00000000   Number         0  oled.o ABSOLUTE
    ..\MODULE\str.c                          0x00000000   Number         0  str.o ABSOLUTE
    ..\MODULE\uart.c                         0x00000000   Number         0  uart.o ABSOLUTE
    ..\SYSTEM\delay\delay.c                  0x00000000   Number         0  delay.o ABSOLUTE
    ..\SYSTEM\sys\sys.c                      0x00000000   Number         0  sys.o ABSOLUTE
    ..\\CORE\\core_cm3.c                     0x00000000   Number         0  core_cm3.o ABSOLUTE
    ..\\SYSTEM\\sys\\sys.c                   0x00000000   Number         0  sys.o ABSOLUTE
    dc.s                                     0x00000000   Number         0  dc.o ABSOLUTE
    main.c                                   0x00000000   Number         0  main.o ABSOLUTE
    stm32f10x_it.c                           0x00000000   Number         0  stm32f10x_it.o ABSOLUTE
    system_stm32f10x.c                       0x00000000   Number         0  system_stm32f10x.o ABSOLUTE
    RESET                                    0x08002800   Section      236  startup_stm32f10x_ld.o(RESET)
    !!!main                                  0x080028ec   Section        8  __main.o(!!!main)
    !!!scatter                               0x080028f4   Section       52  __scatter.o(!!!scatter)
    !!handler_copy                           0x08002928   Section       26  __scatter_copy.o(!!handler_copy)
    !!handler_zi                             0x08002944   Section       28  __scatter_zi.o(!!handler_zi)
    .ARM.Collect$$libinit$$00000000          0x08002960   Section        2  libinit.o(.ARM.Collect$$libinit$$00000000)
    .ARM.Collect$$libinit$$00000002          0x08002962   Section        0  libinit2.o(.ARM.Collect$$libinit$$00000002)
    .ARM.Collect$$libinit$$00000004          0x08002962   Section        0  libinit2.o(.ARM.Collect$$libinit$$00000004)
    .ARM.Collect$$libinit$$0000000A          0x08002962   Section        0  libinit2.o(.ARM.Collect$$libinit$$0000000A)
    .ARM.Collect$$libinit$$0000000C          0x08002962   Section        0  libinit2.o(.ARM.Collect$$libinit$$0000000C)
    .ARM.Collect$$libinit$$0000000E          0x08002962   Section        0  libinit2.o(.ARM.Collect$$libinit$$0000000E)
    .ARM.Collect$$libinit$$00000011          0x08002962   Section        0  libinit2.o(.ARM.Collect$$libinit$$00000011)
    .ARM.Collect$$libinit$$00000013          0x08002962   Section        0  libinit2.o(.ARM.Collect$$libinit$$00000013)
    .ARM.Collect$$libinit$$00000015          0x08002962   Section        0  libinit2.o(.ARM.Collect$$libinit$$00000015)
    .ARM.Collect$$libinit$$00000017          0x08002962   Section        0  libinit2.o(.ARM.Collect$$libinit$$00000017)
    .ARM.Collect$$libinit$$00000019          0x08002962   Section        0  libinit2.o(.ARM.Collect$$libinit$$00000019)
    .ARM.Collect$$libinit$$0000001B          0x08002962   Section        0  libinit2.o(.ARM.Collect$$libinit$$0000001B)
    .ARM.Collect$$libinit$$0000001D          0x08002962   Section        0  libinit2.o(.ARM.Collect$$libinit$$0000001D)
    .ARM.Collect$$libinit$$0000001F          0x08002962   Section        0  libinit2.o(.ARM.Collect$$libinit$$0000001F)
    .ARM.Collect$$libinit$$00000021          0x08002962   Section        0  libinit2.o(.ARM.Collect$$libinit$$00000021)
    .ARM.Collect$$libinit$$00000023          0x08002962   Section        0  libinit2.o(.ARM.Collect$$libinit$$00000023)
    .ARM.Collect$$libinit$$00000025          0x08002962   Section        0  libinit2.o(.ARM.Collect$$libinit$$00000025)
    .ARM.Collect$$libinit$$0000002C          0x08002962   Section        0  libinit2.o(.ARM.Collect$$libinit$$0000002C)
    .ARM.Collect$$libinit$$0000002E          0x08002962   Section        0  libinit2.o(.ARM.Collect$$libinit$$0000002E)
    .ARM.Collect$$libinit$$00000030          0x08002962   Section        0  libinit2.o(.ARM.Collect$$libinit$$00000030)
    .ARM.Collect$$libinit$$00000032          0x08002962   Section        0  libinit2.o(.ARM.Collect$$libinit$$00000032)
    .ARM.Collect$$libinit$$00000033          0x08002962   Section        2  libinit2.o(.ARM.Collect$$libinit$$00000033)
    .ARM.Collect$$libshutdown$$00000000      0x08002964   Section        2  libshutdown.o(.ARM.Collect$$libshutdown$$00000000)
    .ARM.Collect$$libshutdown$$00000002      0x08002966   Section        0  libshutdown2.o(.ARM.Collect$$libshutdown$$00000002)
    .ARM.Collect$$libshutdown$$00000004      0x08002966   Section        0  libshutdown2.o(.ARM.Collect$$libshutdown$$00000004)
    .ARM.Collect$$libshutdown$$00000006      0x08002966   Section        0  libshutdown2.o(.ARM.Collect$$libshutdown$$00000006)
    .ARM.Collect$$libshutdown$$00000009      0x08002966   Section        0  libshutdown2.o(.ARM.Collect$$libshutdown$$00000009)
    .ARM.Collect$$libshutdown$$0000000C      0x08002966   Section        0  libshutdown2.o(.ARM.Collect$$libshutdown$$0000000C)
    .ARM.Collect$$libshutdown$$0000000E      0x08002966   Section        0  libshutdown2.o(.ARM.Collect$$libshutdown$$0000000E)
    .ARM.Collect$$libshutdown$$00000011      0x08002966   Section        0  libshutdown2.o(.ARM.Collect$$libshutdown$$00000011)
    .ARM.Collect$$libshutdown$$00000012      0x08002966   Section        2  libshutdown2.o(.ARM.Collect$$libshutdown$$00000012)
    .ARM.Collect$$rtentry$$00000000          0x08002968   Section        0  __rtentry.o(.ARM.Collect$$rtentry$$00000000)
    .ARM.Collect$$rtentry$$00000002          0x08002968   Section        0  __rtentry2.o(.ARM.Collect$$rtentry$$00000002)
    .ARM.Collect$$rtentry$$00000004          0x08002968   Section        6  __rtentry4.o(.ARM.Collect$$rtentry$$00000004)
    .ARM.Collect$$rtentry$$00000009          0x0800296e   Section        0  __rtentry2.o(.ARM.Collect$$rtentry$$00000009)
    .ARM.Collect$$rtentry$$0000000A          0x0800296e   Section        4  __rtentry2.o(.ARM.Collect$$rtentry$$0000000A)
    .ARM.Collect$$rtentry$$0000000C          0x08002972   Section        0  __rtentry2.o(.ARM.Collect$$rtentry$$0000000C)
    .ARM.Collect$$rtentry$$0000000D          0x08002972   Section        8  __rtentry2.o(.ARM.Collect$$rtentry$$0000000D)
    .ARM.Collect$$rtexit$$00000000           0x0800297a   Section        2  rtexit.o(.ARM.Collect$$rtexit$$00000000)
    .ARM.Collect$$rtexit$$00000002           0x0800297c   Section        0  rtexit2.o(.ARM.Collect$$rtexit$$00000002)
    .ARM.Collect$$rtexit$$00000003           0x0800297c   Section        4  rtexit2.o(.ARM.Collect$$rtexit$$00000003)
    .ARM.Collect$$rtexit$$00000004           0x08002980   Section        6  rtexit2.o(.ARM.Collect$$rtexit$$00000004)
    .emb_text                                0x08002988   Section        6  sys.o(.emb_text)
    .text                                    0x08002990   Section        0  main.o(.text)
    .text                                    0x08002b3c   Section        0  stm32f10x_it.o(.text)
    .text                                    0x08002b54   Section        0  system_stm32f10x.o(.text)
    SetSysClockTo72                          0x08002b55   Thumb Code   214  system_stm32f10x.o(.text)
    SetSysClock                              0x08002c2b   Thumb Code     8  system_stm32f10x.o(.text)
    .text                                    0x08002d34   Section       64  startup_stm32f10x_ld.o(.text)
    .text                                    0x08002d74   Section        0  misc.o(.text)
    .text                                    0x08002e50   Section        0  stm32f10x_gpio.o(.text)
    .text                                    0x080031ac   Section        0  stm32f10x_rcc.o(.text)
    .text                                    0x08003550   Section        0  stm32f10x_usart.o(.text)
    .text                                    0x08003958   Section        0  stm32f10x_iwdg.o(.text)
    .text                                    0x08003998   Section        0  delay.o(.text)
    .text                                    0x08003a6c   Section        0  led.o(.text)
    .text                                    0x08003a9c   Section        0  uart.o(.text)
    .text                                    0x08003d40   Section        0  str.o(.text)
    .text                                    0x0800416c   Section        0  oled.o(.text)
    .text                                    0x080047f8   Section        0  dht11.o(.text)
    GetOneByte                               0x080048b3   Thumb Code    88  dht11.o(.text)
    .text                                    0x08004a24   Section        0  iwdg.o(.text)
    .text                                    0x08004a44   Section        2  use_no_semi_2.o(.text)
    .text                                    0x08004a46   Section       78  rt_memclr_w.o(.text)
    .text                                    0x08004a94   Section        0  heapauxi.o(.text)
    .text                                    0x08004a9a   Section        2  use_no_semi.o(.text)
    .text                                    0x08004a9c   Section       74  sys_stackheap_outer.o(.text)
    .text                                    0x08004ae6   Section        0  exit.o(.text)
    .text                                    0x08004af8   Section        8  libspace.o(.text)
    x$fpl$d2f                                0x08004b00   Section       98  d2f.o(x$fpl$d2f)
    x$fpl$dadd                               0x08004b64   Section      336  daddsub_clz.o(x$fpl$dadd)
    _dadd1                                   0x08004b75   Thumb Code     0  daddsub_clz.o(x$fpl$dadd)
    x$fpl$dcmpinf                            0x08004cb4   Section       24  dcmpi.o(x$fpl$dcmpinf)
    x$fpl$ddiv                               0x08004ccc   Section      688  ddiv.o(x$fpl$ddiv)
    ddiv_entry                               0x08004cd3   Thumb Code     0  ddiv.o(x$fpl$ddiv)
    x$fpl$dfix                               0x08004f7c   Section       94  dfix.o(x$fpl$dfix)
    x$fpl$dflt                               0x08004fda   Section       46  dflt_clz.o(x$fpl$dflt)
    x$fpl$dfltu                              0x08005008   Section       38  dflt_clz.o(x$fpl$dfltu)
    x$fpl$dleqf                              0x08005030   Section      120  dleqf.o(x$fpl$dleqf)
    x$fpl$dmul                               0x080050a8   Section      340  dmul.o(x$fpl$dmul)
    x$fpl$dnaninf                            0x080051fc   Section      156  dnaninf.o(x$fpl$dnaninf)
    x$fpl$dretinf                            0x08005298   Section       12  dretinf.o(x$fpl$dretinf)
    x$fpl$drsb                               0x080052a4   Section       22  daddsub_clz.o(x$fpl$drsb)
    x$fpl$dsub                               0x080052bc   Section      468  daddsub_clz.o(x$fpl$dsub)
    _dsub1                                   0x080052cd   Thumb Code     0  daddsub_clz.o(x$fpl$dsub)
    x$fpl$ffixu                              0x08005490   Section       62  ffixu.o(x$fpl$ffixu)
    x$fpl$fmul                               0x080054d0   Section      258  fmul.o(x$fpl$fmul)
    x$fpl$fnaninf                            0x080055d2   Section      140  fnaninf.o(x$fpl$fnaninf)
    x$fpl$fretinf                            0x0800565e   Section       10  fretinf.o(x$fpl$fretinf)
    .constdata                               0x08005668   Section     2232  oled.o(.constdata)
    x$fpl$usenofp                            0x08005668   Section        0  usenofp.o(x$fpl$usenofp)
    .data                                    0x20000000   Section       20  system_stm32f10x.o(.data)
    .data                                    0x20000014   Section       20  stm32f10x_rcc.o(.data)
    APBAHBPrescTable                         0x20000014   Data          16  stm32f10x_rcc.o(.data)
    ADCPrescTable                            0x20000024   Data           4  stm32f10x_rcc.o(.data)
    .data                                    0x20000028   Section        4  delay.o(.data)
    fac_us                                   0x20000028   Data           1  delay.o(.data)
    fac_ms                                   0x2000002a   Data           2  delay.o(.data)
    .data                                    0x2000002c   Section        8  uart.o(.data)
    buffCounter                              0x20000032   Data           2  uart.o(.data)
    .data                                    0x20000034   Section        4  dht11.o(.data)
    .bss                                     0x20000038   Section     1066  uart.o(.bss)
    hash                                     0x20000452   Data          16  uart.o(.bss)
    .bss                                     0x20000462   Section       60  str.o(.bss)
    str                                      0x20000462   Data          20  str.o(.bss)
    str                                      0x20000476   Data          20  str.o(.bss)
    str                                      0x2000048a   Data          20  str.o(.bss)
    .bss                                     0x2000049e   Section       68  oled.o(.bss)
    StrBuff                                  0x2000049e   Data          68  oled.o(.bss)
    .bss                                     0x200004e4   Section       96  libspace.o(.bss)
    HEAP                                     0x20000548   Section      512  startup_stm32f10x_ld.o(HEAP)
    Heap_Mem                                 0x20000548   Data         512  startup_stm32f10x_ld.o(HEAP)
    STACK                                    0x20000748   Section     1024  startup_stm32f10x_ld.o(STACK)
    Stack_Mem                                0x20000748   Data        1024  startup_stm32f10x_ld.o(STACK)
    __initial_sp                             0x20000b48   Data           0  startup_stm32f10x_ld.o(STACK)

    Global Symbols

    Symbol Name                              Value     Ov Type        Size  Object(Section)

    BuildAttributes$$THM_ISAv4$P$D$K$B$S$PE$A:L22UL41UL21$X:L11$S22US41US21$IEEE1$IW$USESV6$~STKCKD$USESV7$~SHL$OSPACE$ROPI$EBA8$UX$STANDARDLIB$REQ8$PRES8$EABIv2 0x00000000   Number         0  anon$$obj.o ABSOLUTE
    __ARM_use_no_argv                        0x00000000   Number         0  main.o ABSOLUTE
    __ARM_exceptions_init                     - Undefined Weak Reference
    __alloca_initialize                       - Undefined Weak Reference
    __arm_fini_                               - Undefined Weak Reference
    __arm_preinit_                            - Undefined Weak Reference
    __cpp_initialize__aeabi_                  - Undefined Weak Reference
    __cxa_finalize                            - Undefined Weak Reference
    __rt_locale                               - Undefined Weak Reference
    __sigvec_lookup                           - Undefined Weak Reference
    _atexit_init                              - Undefined Weak Reference
    _call_atexit_fns                          - Undefined Weak Reference
    _clock_init                               - Undefined Weak Reference
    _fp_trap_init                             - Undefined Weak Reference
    _fp_trap_shutdown                         - Undefined Weak Reference
    _get_lc_collate                           - Undefined Weak Reference
    _get_lc_ctype                             - Undefined Weak Reference
    _get_lc_monetary                          - Undefined Weak Reference
    _get_lc_numeric                           - Undefined Weak Reference
    _get_lc_time                              - Undefined Weak Reference
    _getenv_init                              - Undefined Weak Reference
    _handle_redirection                       - Undefined Weak Reference
    _init_alloc                               - Undefined Weak Reference
    _init_user_alloc                          - Undefined Weak Reference
    _initio                                   - Undefined Weak Reference
    _rand_init                                - Undefined Weak Reference
    _signal_finish                            - Undefined Weak Reference
    _signal_init                              - Undefined Weak Reference
    _terminate_alloc                          - Undefined Weak Reference
    _terminate_user_alloc                     - Undefined Weak Reference
    _terminateio                              - Undefined Weak Reference
    __Vectors_Size                           0x000000ec   Number         0  startup_stm32f10x_ld.o ABSOLUTE
    __Vectors                                0x08002800   Data           4  startup_stm32f10x_ld.o(RESET)
    __Vectors_End                            0x080028ec   Data           0  startup_stm32f10x_ld.o(RESET)
    __main                                   0x080028ed   Thumb Code     8  __main.o(!!!main)
    __scatterload                            0x080028f5   Thumb Code     0  __scatter.o(!!!scatter)
    __scatterload_rt2                        0x080028f5   Thumb Code    44  __scatter.o(!!!scatter)
    __scatterload_rt2_thumb_only             0x080028f5   Thumb Code     0  __scatter.o(!!!scatter)
    __scatterload_null                       0x08002903   Thumb Code     0  __scatter.o(!!!scatter)
    __scatterload_copy                       0x08002929   Thumb Code    26  __scatter_copy.o(!!handler_copy)
    __scatterload_zeroinit                   0x08002945   Thumb Code    28  __scatter_zi.o(!!handler_zi)
    __rt_lib_init                            0x08002961   Thumb Code     0  libinit.o(.ARM.Collect$$libinit$$00000000)
    __rt_lib_init_alloca_1                   0x08002963   Thumb Code     0  libinit2.o(.ARM.Collect$$libinit$$0000002E)
    __rt_lib_init_argv_1                     0x08002963   Thumb Code     0  libinit2.o(.ARM.Collect$$libinit$$0000002C)
    __rt_lib_init_atexit_1                   0x08002963   Thumb Code     0  libinit2.o(.ARM.Collect$$libinit$$0000001B)
    __rt_lib_init_clock_1                    0x08002963   Thumb Code     0  libinit2.o(.ARM.Collect$$libinit$$00000021)
    __rt_lib_init_cpp_1                      0x08002963   Thumb Code     0  libinit2.o(.ARM.Collect$$libinit$$00000032)
    __rt_lib_init_exceptions_1               0x08002963   Thumb Code     0  libinit2.o(.ARM.Collect$$libinit$$00000030)
    __rt_lib_init_fp_1                       0x08002963   Thumb Code     0  libinit2.o(.ARM.Collect$$libinit$$00000002)
    __rt_lib_init_fp_trap_1                  0x08002963   Thumb Code     0  libinit2.o(.ARM.Collect$$libinit$$0000001F)
    __rt_lib_init_getenv_1                   0x08002963   Thumb Code     0  libinit2.o(.ARM.Collect$$libinit$$00000023)
    __rt_lib_init_heap_1                     0x08002963   Thumb Code     0  libinit2.o(.ARM.Collect$$libinit$$0000000A)
    __rt_lib_init_lc_collate_1               0x08002963   Thumb Code     0  libinit2.o(.ARM.Collect$$libinit$$00000011)
    __rt_lib_init_lc_ctype_1                 0x08002963   Thumb Code     0  libinit2.o(.ARM.Collect$$libinit$$00000013)
    __rt_lib_init_lc_monetary_1              0x08002963   Thumb Code     0  libinit2.o(.ARM.Collect$$libinit$$00000015)
    __rt_lib_init_lc_numeric_1               0x08002963   Thumb Code     0  libinit2.o(.ARM.Collect$$libinit$$00000017)
    __rt_lib_init_lc_time_1                  0x08002963   Thumb Code     0  libinit2.o(.ARM.Collect$$libinit$$00000019)
    __rt_lib_init_preinit_1                  0x08002963   Thumb Code     0  libinit2.o(.ARM.Collect$$libinit$$00000004)
    __rt_lib_init_rand_1                     0x08002963   Thumb Code     0  libinit2.o(.ARM.Collect$$libinit$$0000000E)
    __rt_lib_init_return                     0x08002963   Thumb Code     0  libinit2.o(.ARM.Collect$$libinit$$00000033)
    __rt_lib_init_signal_1                   0x08002963   Thumb Code     0  libinit2.o(.ARM.Collect$$libinit$$0000001D)
    __rt_lib_init_stdio_1                    0x08002963   Thumb Code     0  libinit2.o(.ARM.Collect$$libinit$$00000025)
    __rt_lib_init_user_alloc_1               0x08002963   Thumb Code     0  libinit2.o(.ARM.Collect$$libinit$$0000000C)
    __rt_lib_shutdown                        0x08002965   Thumb Code     0  libshutdown.o(.ARM.Collect$$libshutdown$$00000000)
    __rt_lib_shutdown_cpp_1                  0x08002967   Thumb Code     0  libshutdown2.o(.ARM.Collect$$libshutdown$$00000004)
    __rt_lib_shutdown_fini_1                 0x08002967   Thumb Code     0  libshutdown2.o(.ARM.Collect$$libshutdown$$00000002)
    __rt_lib_shutdown_fp_trap_1              0x08002967   Thumb Code     0  libshutdown2.o(.ARM.Collect$$libshutdown$$00000009)
    __rt_lib_shutdown_heap_1                 0x08002967   Thumb Code     0  libshutdown2.o(.ARM.Collect$$libshutdown$$00000011)
    __rt_lib_shutdown_return                 0x08002967   Thumb Code     0  libshutdown2.o(.ARM.Collect$$libshutdown$$00000012)
    __rt_lib_shutdown_signal_1               0x08002967   Thumb Code     0  libshutdown2.o(.ARM.Collect$$libshutdown$$0000000C)
    __rt_lib_shutdown_stdio_1                0x08002967   Thumb Code     0  libshutdown2.o(.ARM.Collect$$libshutdown$$00000006)
    __rt_lib_shutdown_user_alloc_1           0x08002967   Thumb Code     0  libshutdown2.o(.ARM.Collect$$libshutdown$$0000000E)
    __rt_entry                               0x08002969   Thumb Code     0  __rtentry.o(.ARM.Collect$$rtentry$$00000000)
    __rt_entry_presh_1                       0x08002969   Thumb Code     0  __rtentry2.o(.ARM.Collect$$rtentry$$00000002)
    __rt_entry_sh                            0x08002969   Thumb Code     0  __rtentry4.o(.ARM.Collect$$rtentry$$00000004)
    __rt_entry_li                            0x0800296f   Thumb Code     0  __rtentry2.o(.ARM.Collect$$rtentry$$0000000A)
    __rt_entry_postsh_1                      0x0800296f   Thumb Code     0  __rtentry2.o(.ARM.Collect$$rtentry$$00000009)
    __rt_entry_main                          0x08002973   Thumb Code     0  __rtentry2.o(.ARM.Collect$$rtentry$$0000000D)
    __rt_entry_postli_1                      0x08002973   Thumb Code     0  __rtentry2.o(.ARM.Collect$$rtentry$$0000000C)
    __rt_exit                                0x0800297b   Thumb Code     0  rtexit.o(.ARM.Collect$$rtexit$$00000000)
    __rt_exit_ls                             0x0800297d   Thumb Code     0  rtexit2.o(.ARM.Collect$$rtexit$$00000003)
    __rt_exit_prels_1                        0x0800297d   Thumb Code     0  rtexit2.o(.ARM.Collect$$rtexit$$00000002)
    __rt_exit_exit                           0x08002981   Thumb Code     0  rtexit2.o(.ARM.Collect$$rtexit$$00000004)
    MSR_MSP                                  0x08002989   Thumb Code     6  sys.o(.emb_text)
    main                                     0x08002991   Thumb Code   360  main.o(.text)
    NMI_Handler                              0x08002b3d   Thumb Code     2  stm32f10x_it.o(.text)
    HardFault_Handler                        0x08002b3f   Thumb Code     4  stm32f10x_it.o(.text)
    MemManage_Handler                        0x08002b43   Thumb Code     4  stm32f10x_it.o(.text)
    BusFault_Handler                         0x08002b47   Thumb Code     4  stm32f10x_it.o(.text)
    UsageFault_Handler                       0x08002b4b   Thumb Code     4  stm32f10x_it.o(.text)
    SVC_Handler                              0x08002b4f   Thumb Code     2  stm32f10x_it.o(.text)
    DebugMon_Handler                         0x08002b51   Thumb Code     2  stm32f10x_it.o(.text)
    SystemInit                               0x08002c33   Thumb Code    78  system_stm32f10x.o(.text)
    SystemCoreClockUpdate                    0x08002c81   Thumb Code   142  system_stm32f10x.o(.text)
    Reset_Handler                            0x08002d35   Thumb Code     8  startup_stm32f10x_ld.o(.text)
    PendSV_Handler                           0x08002d4b   Thumb Code     2  startup_stm32f10x_ld.o(.text)
    SysTick_Handler                          0x08002d4d   Thumb Code     2  startup_stm32f10x_ld.o(.text)
    ADC1_2_IRQHandler                        0x08002d4f   Thumb Code     0  startup_stm32f10x_ld.o(.text)
    CAN1_RX1_IRQHandler                      0x08002d4f   Thumb Code     0  startup_stm32f10x_ld.o(.text)
    CAN1_SCE_IRQHandler                      0x08002d4f   Thumb Code     0  startup_stm32f10x_ld.o(.text)
    DMA1_Channel1_IRQHandler                 0x08002d4f   Thumb Code     0  startup_stm32f10x_ld.o(.text)
    DMA1_Channel2_IRQHandler                 0x08002d4f   Thumb Code     0  startup_stm32f10x_ld.o(.text)
    DMA1_Channel3_IRQHandler                 0x08002d4f   Thumb Code     0  startup_stm32f10x_ld.o(.text)
    DMA1_Channel4_IRQHandler                 0x08002d4f   Thumb Code     0  startup_stm32f10x_ld.o(.text)
    DMA1_Channel5_IRQHandler                 0x08002d4f   Thumb Code     0  startup_stm32f10x_ld.o(.text)
    DMA1_Channel6_IRQHandler                 0x08002d4f   Thumb Code     0  startup_stm32f10x_ld.o(.text)
    DMA1_Channel7_IRQHandler                 0x08002d4f   Thumb Code     0  startup_stm32f10x_ld.o(.text)
    EXTI0_IRQHandler                         0x08002d4f   Thumb Code     0  startup_stm32f10x_ld.o(.text)
    EXTI15_10_IRQHandler                     0x08002d4f   Thumb Code     0  startup_stm32f10x_ld.o(.text)
    EXTI1_IRQHandler                         0x08002d4f   Thumb Code     0  startup_stm32f10x_ld.o(.text)
    EXTI2_IRQHandler                         0x08002d4f   Thumb Code     0  startup_stm32f10x_ld.o(.text)
    EXTI3_IRQHandler                         0x08002d4f   Thumb Code     0  startup_stm32f10x_ld.o(.text)
    EXTI4_IRQHandler                         0x08002d4f   Thumb Code     0  startup_stm32f10x_ld.o(.text)
    EXTI9_5_IRQHandler                       0x08002d4f   Thumb Code     0  startup_stm32f10x_ld.o(.text)
    FLASH_IRQHandler                         0x08002d4f   Thumb Code     0  startup_stm32f10x_ld.o(.text)
    I2C1_ER_IRQHandler                       0x08002d4f   Thumb Code     0  startup_stm32f10x_ld.o(.text)
    I2C1_EV_IRQHandler                       0x08002d4f   Thumb Code     0  startup_stm32f10x_ld.o(.text)
    PVD_IRQHandler                           0x08002d4f   Thumb Code     0  startup_stm32f10x_ld.o(.text)
    RCC_IRQHandler                           0x08002d4f   Thumb Code     0  startup_stm32f10x_ld.o(.text)
    RTCAlarm_IRQHandler                      0x08002d4f   Thumb Code     0  startup_stm32f10x_ld.o(.text)
    RTC_IRQHandler                           0x08002d4f   Thumb Code     0  startup_stm32f10x_ld.o(.text)
    SPI1_IRQHandler                          0x08002d4f   Thumb Code     0  startup_stm32f10x_ld.o(.text)
    TAMPER_IRQHandler                        0x08002d4f   Thumb Code     0  startup_stm32f10x_ld.o(.text)
    TIM1_BRK_IRQHandler                      0x08002d4f   Thumb Code     0  startup_stm32f10x_ld.o(.text)
    TIM1_CC_IRQHandler                       0x08002d4f   Thumb Code     0  startup_stm32f10x_ld.o(.text)
    TIM1_TRG_COM_IRQHandler                  0x08002d4f   Thumb Code     0  startup_stm32f10x_ld.o(.text)
    TIM1_UP_IRQHandler                       0x08002d4f   Thumb Code     0  startup_stm32f10x_ld.o(.text)
    TIM2_IRQHandler                          0x08002d4f   Thumb Code     0  startup_stm32f10x_ld.o(.text)
    TIM3_IRQHandler                          0x08002d4f   Thumb Code     0  startup_stm32f10x_ld.o(.text)
    USART2_IRQHandler                        0x08002d4f   Thumb Code     0  startup_stm32f10x_ld.o(.text)
    USBWakeUp_IRQHandler                     0x08002d4f   Thumb Code     0  startup_stm32f10x_ld.o(.text)
    USB_HP_CAN1_TX_IRQHandler                0x08002d4f   Thumb Code     0  startup_stm32f10x_ld.o(.text)
    USB_LP_CAN1_RX0_IRQHandler               0x08002d4f   Thumb Code     0  startup_stm32f10x_ld.o(.text)
    WWDG_IRQHandler                          0x08002d4f   Thumb Code     0  startup_stm32f10x_ld.o(.text)
    __user_initial_stackheap                 0x08002d51   Thumb Code     0  startup_stm32f10x_ld.o(.text)
    NVIC_PriorityGroupConfig                 0x08002d75   Thumb Code    10  misc.o(.text)
    NVIC_Init                                0x08002d7f   Thumb Code   100  misc.o(.text)
    NVIC_SetVectorTable                      0x08002de3   Thumb Code    14  misc.o(.text)
    NVIC_SystemLPConfig                      0x08002df1   Thumb Code    34  misc.o(.text)
    SysTick_CLKSourceConfig                  0x08002e13   Thumb Code    40  misc.o(.text)
    GPIO_DeInit                              0x08002e51   Thumb Code   172  stm32f10x_gpio.o(.text)
    GPIO_AFIODeInit                          0x08002efd   Thumb Code    20  stm32f10x_gpio.o(.text)
    GPIO_Init                                0x08002f11   Thumb Code   278  stm32f10x_gpio.o(.text)
    GPIO_StructInit                          0x08003027   Thumb Code    16  stm32f10x_gpio.o(.text)
    GPIO_ReadInputDataBit                    0x08003037   Thumb Code    18  stm32f10x_gpio.o(.text)
    GPIO_ReadInputData                       0x08003049   Thumb Code     8  stm32f10x_gpio.o(.text)
    GPIO_ReadOutputDataBit                   0x08003051   Thumb Code    18  stm32f10x_gpio.o(.text)
    GPIO_ReadOutputData                      0x08003063   Thumb Code     8  stm32f10x_gpio.o(.text)
    GPIO_SetBits                             0x0800306b   Thumb Code     4  stm32f10x_gpio.o(.text)
    GPIO_ResetBits                           0x0800306f   Thumb Code     4  stm32f10x_gpio.o(.text)
    GPIO_WriteBit                            0x08003073   Thumb Code    10  stm32f10x_gpio.o(.text)
    GPIO_Write                               0x0800307d   Thumb Code     4  stm32f10x_gpio.o(.text)
    GPIO_PinLockConfig                       0x08003081   Thumb Code    18  stm32f10x_gpio.o(.text)
    GPIO_EventOutputConfig                   0x08003093   Thumb Code    26  stm32f10x_gpio.o(.text)
    GPIO_EventOutputCmd                      0x080030ad   Thumb Code     6  stm32f10x_gpio.o(.text)
    GPIO_PinRemapConfig                      0x080030b3   Thumb Code   138  stm32f10x_gpio.o(.text)
    GPIO_EXTILineConfig                      0x0800313d   Thumb Code    66  stm32f10x_gpio.o(.text)
    GPIO_ETH_MediaInterfaceConfig            0x0800317f   Thumb Code     8  stm32f10x_gpio.o(.text)
    RCC_DeInit                               0x080031ad   Thumb Code    64  stm32f10x_rcc.o(.text)
    RCC_HSEConfig                            0x080031ed   Thumb Code    70  stm32f10x_rcc.o(.text)
    RCC_GetFlagStatus                        0x08003233   Thumb Code    56  stm32f10x_rcc.o(.text)
    RCC_WaitForHSEStartUp                    0x0800326b   Thumb Code    56  stm32f10x_rcc.o(.text)
    RCC_AdjustHSICalibrationValue            0x080032a3   Thumb Code    20  stm32f10x_rcc.o(.text)
    RCC_HSICmd                               0x080032b7   Thumb Code     6  stm32f10x_rcc.o(.text)
    RCC_PLLConfig                            0x080032bd   Thumb Code    24  stm32f10x_rcc.o(.text)
    RCC_PLLCmd                               0x080032d5   Thumb Code     6  stm32f10x_rcc.o(.text)
    RCC_SYSCLKConfig                         0x080032db   Thumb Code    18  stm32f10x_rcc.o(.text)
    RCC_GetSYSCLKSource                      0x080032ed   Thumb Code    10  stm32f10x_rcc.o(.text)
    RCC_HCLKConfig                           0x080032f7   Thumb Code    18  stm32f10x_rcc.o(.text)
    RCC_PCLK1Config                          0x08003309   Thumb Code    18  stm32f10x_rcc.o(.text)
    RCC_PCLK2Config                          0x0800331b   Thumb Code    20  stm32f10x_rcc.o(.text)
    RCC_ITConfig                             0x0800332f   Thumb Code    26  stm32f10x_rcc.o(.text)
    RCC_USBCLKConfig                         0x08003349   Thumb Code     8  stm32f10x_rcc.o(.text)
    RCC_ADCCLKConfig                         0x08003351   Thumb Code    18  stm32f10x_rcc.o(.text)
    RCC_LSEConfig                            0x08003363   Thumb Code    50  stm32f10x_rcc.o(.text)
    RCC_LSICmd                               0x08003395   Thumb Code     6  stm32f10x_rcc.o(.text)
    RCC_RTCCLKConfig                         0x0800339b   Thumb Code    12  stm32f10x_rcc.o(.text)
    RCC_RTCCLKCmd                            0x080033a7   Thumb Code     8  stm32f10x_rcc.o(.text)
    RCC_GetClocksFreq                        0x080033af   Thumb Code   192  stm32f10x_rcc.o(.text)
    RCC_AHBPeriphClockCmd                    0x0800346f   Thumb Code    26  stm32f10x_rcc.o(.text)
    RCC_APB2PeriphClockCmd                   0x08003489   Thumb Code    26  stm32f10x_rcc.o(.text)
    RCC_APB1PeriphClockCmd                   0x080034a3   Thumb Code    26  stm32f10x_rcc.o(.text)
    RCC_APB2PeriphResetCmd                   0x080034bd   Thumb Code    26  stm32f10x_rcc.o(.text)
    RCC_APB1PeriphResetCmd                   0x080034d7   Thumb Code    26  stm32f10x_rcc.o(.text)
    RCC_BackupResetCmd                       0x080034f1   Thumb Code     8  stm32f10x_rcc.o(.text)
    RCC_ClockSecuritySystemCmd               0x080034f9   Thumb Code     6  stm32f10x_rcc.o(.text)
    RCC_MCOConfig                            0x080034ff   Thumb Code     6  stm32f10x_rcc.o(.text)
    RCC_ClearFlag                            0x08003505   Thumb Code    14  stm32f10x_rcc.o(.text)
    RCC_GetITStatus                          0x08003513   Thumb Code    20  stm32f10x_rcc.o(.text)
    RCC_ClearITPendingBit                    0x08003527   Thumb Code     6  stm32f10x_rcc.o(.text)
    USART_DeInit                             0x08003551   Thumb Code   134  stm32f10x_usart.o(.text)
    USART_Init                               0x080035d7   Thumb Code   210  stm32f10x_usart.o(.text)
    USART_StructInit                         0x080036a9   Thumb Code    24  stm32f10x_usart.o(.text)
    USART_ClockInit                          0x080036c1   Thumb Code    34  stm32f10x_usart.o(.text)
    USART_ClockStructInit                    0x080036e3   Thumb Code    12  stm32f10x_usart.o(.text)
    USART_Cmd                                0x080036ef   Thumb Code    24  stm32f10x_usart.o(.text)
    USART_ITConfig                           0x08003707   Thumb Code    74  stm32f10x_usart.o(.text)
    USART_DMACmd                             0x08003751   Thumb Code    18  stm32f10x_usart.o(.text)
    USART_SetAddress                         0x08003763   Thumb Code    18  stm32f10x_usart.o(.text)
    USART_WakeUpConfig                       0x08003775   Thumb Code    18  stm32f10x_usart.o(.text)
    USART_ReceiverWakeUpCmd                  0x08003787   Thumb Code    24  stm32f10x_usart.o(.text)
    USART_LINBreakDetectLengthConfig         0x0800379f   Thumb Code    18  stm32f10x_usart.o(.text)
    USART_LINCmd                             0x080037b1   Thumb Code    24  stm32f10x_usart.o(.text)
    USART_SendData                           0x080037c9   Thumb Code     8  stm32f10x_usart.o(.text)
    USART_ReceiveData                        0x080037d1   Thumb Code    10  stm32f10x_usart.o(.text)
    USART_SendBreak                          0x080037db   Thumb Code    10  stm32f10x_usart.o(.text)
    USART_SetGuardTime                       0x080037e5   Thumb Code    16  stm32f10x_usart.o(.text)
    USART_SetPrescaler                       0x080037f5   Thumb Code    16  stm32f10x_usart.o(.text)
    USART_SmartCardCmd                       0x08003805   Thumb Code    24  stm32f10x_usart.o(.text)
    USART_SmartCardNACKCmd                   0x0800381d   Thumb Code    24  stm32f10x_usart.o(.text)
    USART_HalfDuplexCmd                      0x08003835   Thumb Code    24  stm32f10x_usart.o(.text)
    USART_OverSampling8Cmd                   0x0800384d   Thumb Code    22  stm32f10x_usart.o(.text)
    USART_OneBitMethodCmd                    0x08003863   Thumb Code    24  stm32f10x_usart.o(.text)
    USART_IrDAConfig                         0x0800387b   Thumb Code    18  stm32f10x_usart.o(.text)
    USART_IrDACmd                            0x0800388d   Thumb Code    24  stm32f10x_usart.o(.text)
    USART_GetFlagStatus                      0x080038a5   Thumb Code    26  stm32f10x_usart.o(.text)
    USART_ClearFlag                          0x080038bf   Thumb Code    18  stm32f10x_usart.o(.text)
    USART_GetITStatus                        0x080038d1   Thumb Code    84  stm32f10x_usart.o(.text)
    USART_ClearITPendingBit                  0x08003925   Thumb Code    52  stm32f10x_usart.o(.text)
    IWDG_WriteAccessCmd                      0x08003959   Thumb Code     6  stm32f10x_iwdg.o(.text)
    IWDG_SetPrescaler                        0x0800395f   Thumb Code     6  stm32f10x_iwdg.o(.text)
    IWDG_SetReload                           0x08003965   Thumb Code     6  stm32f10x_iwdg.o(.text)
    IWDG_ReloadCounter                       0x0800396b   Thumb Code    10  stm32f10x_iwdg.o(.text)
    IWDG_Enable                              0x08003975   Thumb Code    10  stm32f10x_iwdg.o(.text)
    IWDG_GetFlagStatus                       0x0800397f   Thumb Code    20  stm32f10x_iwdg.o(.text)
    delay_init                               0x08003999   Thumb Code    50  delay.o(.text)
    delay_us                                 0x080039cb   Thumb Code    72  delay.o(.text)
    delay_ms                                 0x08003a13   Thumb Code    72  delay.o(.text)
    LED_Init                                 0x08003a6d   Thumb Code    42  led.o(.text)
    _sys_exit                                0x08003a9d   Thumb Code     4  uart.o(.text)
    _ttywrch                                 0x08003aa1   Thumb Code     4  uart.o(.text)
    fputc                                    0x08003aa5   Thumb Code    24  uart.o(.text)
    UART_Init                                0x08003abd   Thumb Code   152  uart.o(.text)
    CRCCheckout                              0x08003b55   Thumb Code    64  uart.o(.text)
    SendByte                                 0x08003b95   Thumb Code    28  uart.o(.text)
    SendData                                 0x08003bb1   Thumb Code   136  uart.o(.text)
    JumpToAddr                               0x08003c39   Thumb Code    28  uart.o(.text)
    USART1_IRQHandler                        0x08003c55   Thumb Code   206  uart.o(.text)
    AddEndChar                               0x08003d41   Thumb Code    30  str.o(.text)
    CutEndChar                               0x08003d5f   Thumb Code    24  str.o(.text)
    ClearStr                                 0x08003d77   Thumb Code    22  str.o(.text)
    GetStrLen                                0x08003d8d   Thumb Code    20  str.o(.text)
    AddStr                                   0x08003da1   Thumb Code    42  str.o(.text)
    CompareStr                               0x08003dcb   Thumb Code    62  str.o(.text)
    IntToHex                                 0x08003e09   Thumb Code    70  str.o(.text)
    IntToString                              0x08003e4f   Thumb Code    80  str.o(.text)
    FloatToString                            0x08003e9f   Thumb Code   248  str.o(.text)
    StrToInt                                 0x08003f97   Thumb Code   132  str.o(.text)
    StrToFloat                               0x0800401b   Thumb Code   316  str.o(.text)
    OLED_IIC_Init                            0x0800416d   Thumb Code    50  oled.o(.text)
    OLED_SDA_OUT                             0x0800419f   Thumb Code    30  oled.o(.text)
    OLED_SDA_IN                              0x080041bd   Thumb Code    30  oled.o(.text)
    OLED_IIC_Start                           0x080041db   Thumb Code    36  oled.o(.text)
    OLED_IIC_Stop                            0x080041ff   Thumb Code    32  oled.o(.text)
    OLED_IIC_Wait_Ack                        0x0800421f   Thumb Code    58  oled.o(.text)
    OLED_IIC_Ack                             0x08004259   Thumb Code    36  oled.o(.text)
    OLED_IIC_NAck                            0x0800427d   Thumb Code    34  oled.o(.text)
    OLED_IIC_Send_Byte                       0x0800429f   Thumb Code    54  oled.o(.text)
    OLED_IIC_Read_Byte                       0x080042d5   Thumb Code    68  oled.o(.text)
    OLED_Write                               0x08004319   Thumb Code    50  oled.o(.text)
    WriteCmd                                 0x0800434b   Thumb Code    14  oled.o(.text)
    WriteDat                                 0x08004359   Thumb Code    14  oled.o(.text)
    OLED_Init                                0x08004367   Thumb Code   182  oled.o(.text)
    OLED_SetPos                              0x0800441d   Thumb Code    40  oled.o(.text)
    OLED_Fill                                0x08004445   Thumb Code    58  oled.o(.text)
    ClearStrBuff                             0x0800447f   Thumb Code    52  oled.o(.text)
    OLED_ON                                  0x080044b3   Thumb Code    22  oled.o(.text)
    OLED_OFF                                 0x080044c9   Thumb Code    22  oled.o(.text)
    OLED_ShowStr                             0x080044df   Thumb Code   248  oled.o(.text)
    OLED_InsertStr                           0x080045d7   Thumb Code   112  oled.o(.text)
    OLED_ThreeLineCenterValidate             0x08004647   Thumb Code    42  oled.o(.text)
    OLED_TwoLineCenterValidate               0x08004671   Thumb Code    30  oled.o(.text)
    OLED_Validate                            0x0800468f   Thumb Code    38  oled.o(.text)
    OLED_ShowCN                              0x080046b5   Thumb Code    88  oled.o(.text)
    OLED_DrawBMP                             0x0800470d   Thumb Code   116  oled.o(.text)
    OLED_ShowCNS                             0x08004781   Thumb Code   108  oled.o(.text)
    DHT11_Init                               0x080047f9   Thumb Code    12  dht11.o(.text)
    DatLineOut                               0x08004805   Thumb Code    42  dht11.o(.text)
    DatLineIn                                0x0800482f   Thumb Code    26  dht11.o(.text)
    DHT11_Start                              0x08004849   Thumb Code   106  dht11.o(.text)
    DHT11_ReadData                           0x0800490b   Thumb Code   262  dht11.o(.text)
    Iwdg_Init                                0x08004a25   Thumb Code    32  iwdg.o(.text)
    __use_no_semihosting                     0x08004a45   Thumb Code     2  use_no_semi_2.o(.text)
    __aeabi_memclr4                          0x08004a47   Thumb Code     0  rt_memclr_w.o(.text)
    __aeabi_memclr8                          0x08004a47   Thumb Code     0  rt_memclr_w.o(.text)
    __rt_memclr_w                            0x08004a47   Thumb Code    78  rt_memclr_w.o(.text)
    _memset_w                                0x08004a4b   Thumb Code     0  rt_memclr_w.o(.text)
    __use_two_region_memory                  0x08004a95   Thumb Code     2  heapauxi.o(.text)
    __rt_heap_escrow$2region                 0x08004a97   Thumb Code     2  heapauxi.o(.text)
    __rt_heap_expand$2region                 0x08004a99   Thumb Code     2  heapauxi.o(.text)
    __I$use$semihosting                      0x08004a9b   Thumb Code     0  use_no_semi.o(.text)
    __use_no_semihosting_swi                 0x08004a9b   Thumb Code     2  use_no_semi.o(.text)
    __user_setup_stackheap                   0x08004a9d   Thumb Code    74  sys_stackheap_outer.o(.text)
    exit                                     0x08004ae7   Thumb Code    18  exit.o(.text)
    __user_libspace                          0x08004af9   Thumb Code     8  libspace.o(.text)
    __user_perproc_libspace                  0x08004af9   Thumb Code     0  libspace.o(.text)
    __user_perthread_libspace                0x08004af9   Thumb Code     0  libspace.o(.text)
    __aeabi_d2f                              0x08004b01   Thumb Code     0  d2f.o(x$fpl$d2f)
    _d2f                                     0x08004b01   Thumb Code    98  d2f.o(x$fpl$d2f)
    __aeabi_dadd                             0x08004b65   Thumb Code     0  daddsub_clz.o(x$fpl$dadd)
    _dadd                                    0x08004b65   Thumb Code   332  daddsub_clz.o(x$fpl$dadd)
    __fpl_dcmp_Inf                           0x08004cb5   Thumb Code    24  dcmpi.o(x$fpl$dcmpinf)
    __aeabi_ddiv                             0x08004ccd   Thumb Code     0  ddiv.o(x$fpl$ddiv)
    _ddiv                                    0x08004ccd   Thumb Code   552  ddiv.o(x$fpl$ddiv)
    __aeabi_d2iz                             0x08004f7d   Thumb Code     0  dfix.o(x$fpl$dfix)
    _dfix                                    0x08004f7d   Thumb Code    94  dfix.o(x$fpl$dfix)
    __aeabi_i2d                              0x08004fdb   Thumb Code     0  dflt_clz.o(x$fpl$dflt)
    _dflt                                    0x08004fdb   Thumb Code    46  dflt_clz.o(x$fpl$dflt)
    __aeabi_ui2d                             0x08005009   Thumb Code     0  dflt_clz.o(x$fpl$dfltu)
    _dfltu                                   0x08005009   Thumb Code    38  dflt_clz.o(x$fpl$dfltu)
    __aeabi_cdcmple                          0x08005031   Thumb Code     0  dleqf.o(x$fpl$dleqf)
    _dcmple                                  0x08005031   Thumb Code   120  dleqf.o(x$fpl$dleqf)
    __fpl_dcmple_InfNaN                      0x08005093   Thumb Code     0  dleqf.o(x$fpl$dleqf)
    __aeabi_dmul                             0x080050a9   Thumb Code     0  dmul.o(x$fpl$dmul)
    _dmul                                    0x080050a9   Thumb Code   332  dmul.o(x$fpl$dmul)
    __fpl_dnaninf                            0x080051fd   Thumb Code   156  dnaninf.o(x$fpl$dnaninf)
    __fpl_dretinf                            0x08005299   Thumb Code    12  dretinf.o(x$fpl$dretinf)
    __aeabi_drsub                            0x080052a5   Thumb Code     0  daddsub_clz.o(x$fpl$drsb)
    _drsb                                    0x080052a5   Thumb Code    22  daddsub_clz.o(x$fpl$drsb)
    __aeabi_dsub                             0x080052bd   Thumb Code     0  daddsub_clz.o(x$fpl$dsub)
    _dsub                                    0x080052bd   Thumb Code   464  daddsub_clz.o(x$fpl$dsub)
    __aeabi_f2uiz                            0x08005491   Thumb Code     0  ffixu.o(x$fpl$ffixu)
    _ffixu                                   0x08005491   Thumb Code    62  ffixu.o(x$fpl$ffixu)
    __aeabi_fmul                             0x080054d1   Thumb Code     0  fmul.o(x$fpl$fmul)
    _fmul                                    0x080054d1   Thumb Code   258  fmul.o(x$fpl$fmul)
    __fpl_fnaninf                            0x080055d3   Thumb Code   140  fnaninf.o(x$fpl$fnaninf)
    __fpl_fretinf                            0x0800565f   Thumb Code    10  fretinf.o(x$fpl$fretinf)
    F16x16                                   0x08005668   Data         160  oled.o(.constdata)
    __I$use$fp                               0x08005668   Number         0  usenofp.o(x$fpl$usenofp)
    F6x8                                     0x08005708   Data         552  oled.o(.constdata)
    F8X16                                    0x08005930   Data        1520  oled.o(.constdata)
    Region$$Table$$Base                      0x08005f20   Number         0  anon$$obj.o(Region$$Table)
    Region$$Table$$Limit                     0x08005f40   Number         0  anon$$obj.o(Region$$Table)
    SystemCoreClock                          0x20000000   Data           4  system_stm32f10x.o(.data)
    AHBPrescTable                            0x20000004   Data          16  system_stm32f10x.o(.data)
    __stdout                                 0x2000002c   Data           4  uart.o(.data)
    FunCode                                  0x20000030   Data           1  uart.o(.data)
    Temperature                              0x20000034   Data           2  dht11.o(.data)
    Humidty                                  0x20000036   Data           2  dht11.o(.data)
    RecBuff                                  0x20000038   Data        1050  uart.o(.bss)
    __libspace_start                         0x200004e4   Data          96  libspace.o(.bss)
    __temporary_stack_top$libspace           0x20000544   Data           0  libspace.o(.bss)



==============================================================================

Memory Map of the image

  Image Entry point : 0x080028ed

  Load Region LR_IROM1 (Base: 0x08002800, Size: 0x00003778, Max: 0x00005800, ABSOLUTE)

    Execution Region ER_IROM1 (Exec base: 0x08002800, Load base: 0x08002800, Size: 0x00003740, Max: 0x00005800, ABSOLUTE)

    Exec Addr    Load Addr    Size         Type   Attr      Idx    E Section Name        Object

    0x08002800   0x08002800   0x000000ec   Data   RO          269    RESET               startup_stm32f10x_ld.o
    0x080028ec   0x080028ec   0x00000008   Code   RO          574  * !!!main             c_w.l(__main.o)
    0x080028f4   0x080028f4   0x00000034   Code   RO          772    !!!scatter          c_w.l(__scatter.o)
    0x08002928   0x08002928   0x0000001a   Code   RO          774    !!handler_copy      c_w.l(__scatter_copy.o)
    0x08002942   0x08002942   0x00000002   PAD
    0x08002944   0x08002944   0x0000001c   Code   RO          776    !!handler_zi        c_w.l(__scatter_zi.o)
    0x08002960   0x08002960   0x00000002   Code   RO          646    .ARM.Collect$$libinit$$00000000  c_w.l(libinit.o)
    0x08002962   0x08002962   0x00000000   Code   RO          653    .ARM.Collect$$libinit$$00000002  c_w.l(libinit2.o)
    0x08002962   0x08002962   0x00000000   Code   RO          655    .ARM.Collect$$libinit$$00000004  c_w.l(libinit2.o)
    0x08002962   0x08002962   0x00000000   Code   RO          658    .ARM.Collect$$libinit$$0000000A  c_w.l(libinit2.o)
    0x08002962   0x08002962   0x00000000   Code   RO          660    .ARM.Collect$$libinit$$0000000C  c_w.l(libinit2.o)
    0x08002962   0x08002962   0x00000000   Code   RO          662    .ARM.Collect$$libinit$$0000000E  c_w.l(libinit2.o)
    0x08002962   0x08002962   0x00000000   Code   RO          665    .ARM.Collect$$libinit$$00000011  c_w.l(libinit2.o)
    0x08002962   0x08002962   0x00000000   Code   RO          667    .ARM.Collect$$libinit$$00000013  c_w.l(libinit2.o)
    0x08002962   0x08002962   0x00000000   Code   RO          669    .ARM.Collect$$libinit$$00000015  c_w.l(libinit2.o)
    0x08002962   0x08002962   0x00000000   Code   RO          671    .ARM.Collect$$libinit$$00000017  c_w.l(libinit2.o)
    0x08002962   0x08002962   0x00000000   Code   RO          673    .ARM.Collect$$libinit$$00000019  c_w.l(libinit2.o)
    0x08002962   0x08002962   0x00000000   Code   RO          675    .ARM.Collect$$libinit$$0000001B  c_w.l(libinit2.o)
    0x08002962   0x08002962   0x00000000   Code   RO          677    .ARM.Collect$$libinit$$0000001D  c_w.l(libinit2.o)
    0x08002962   0x08002962   0x00000000   Code   RO          679    .ARM.Collect$$libinit$$0000001F  c_w.l(libinit2.o)
    0x08002962   0x08002962   0x00000000   Code   RO          681    .ARM.Collect$$libinit$$00000021  c_w.l(libinit2.o)
    0x08002962   0x08002962   0x00000000   Code   RO          683    .ARM.Collect$$libinit$$00000023  c_w.l(libinit2.o)
    0x08002962   0x08002962   0x00000000   Code   RO          685    .ARM.Collect$$libinit$$00000025  c_w.l(libinit2.o)
    0x08002962   0x08002962   0x00000000   Code   RO          689    .ARM.Collect$$libinit$$0000002C  c_w.l(libinit2.o)
    0x08002962   0x08002962   0x00000000   Code   RO          691    .ARM.Collect$$libinit$$0000002E  c_w.l(libinit2.o)
    0x08002962   0x08002962   0x00000000   Code   RO          693    .ARM.Collect$$libinit$$00000030  c_w.l(libinit2.o)
    0x08002962   0x08002962   0x00000000   Code   RO          695    .ARM.Collect$$libinit$$00000032  c_w.l(libinit2.o)
    0x08002962   0x08002962   0x00000002   Code   RO          696    .ARM.Collect$$libinit$$00000033  c_w.l(libinit2.o)
    0x08002964   0x08002964   0x00000002   Code   RO          714    .ARM.Collect$$libshutdown$$00000000  c_w.l(libshutdown.o)
    0x08002966   0x08002966   0x00000000   Code   RO          724    .ARM.Collect$$libshutdown$$00000002  c_w.l(libshutdown2.o)
    0x08002966   0x08002966   0x00000000   Code   RO          726    .ARM.Collect$$libshutdown$$00000004  c_w.l(libshutdown2.o)
    0x08002966   0x08002966   0x00000000   Code   RO          728    .ARM.Collect$$libshutdown$$00000006  c_w.l(libshutdown2.o)
    0x08002966   0x08002966   0x00000000   Code   RO          731    .ARM.Collect$$libshutdown$$00000009  c_w.l(libshutdown2.o)
    0x08002966   0x08002966   0x00000000   Code   RO          734    .ARM.Collect$$libshutdown$$0000000C  c_w.l(libshutdown2.o)
    0x08002966   0x08002966   0x00000000   Code   RO          736    .ARM.Collect$$libshutdown$$0000000E  c_w.l(libshutdown2.o)
    0x08002966   0x08002966   0x00000000   Code   RO          739    .ARM.Collect$$libshutdown$$00000011  c_w.l(libshutdown2.o)
    0x08002966   0x08002966   0x00000002   Code   RO          740    .ARM.Collect$$libshutdown$$00000012  c_w.l(libshutdown2.o)
    0x08002968   0x08002968   0x00000000   Code   RO          610    .ARM.Collect$$rtentry$$00000000  c_w.l(__rtentry.o)
    0x08002968   0x08002968   0x00000000   Code   RO          623    .ARM.Collect$$rtentry$$00000002  c_w.l(__rtentry2.o)
    0x08002968   0x08002968   0x00000006   Code   RO          635    .ARM.Collect$$rtentry$$00000004  c_w.l(__rtentry4.o)
    0x0800296e   0x0800296e   0x00000000   Code   RO          625    .ARM.Collect$$rtentry$$00000009  c_w.l(__rtentry2.o)
    0x0800296e   0x0800296e   0x00000004   Code   RO          626    .ARM.Collect$$rtentry$$0000000A  c_w.l(__rtentry2.o)
    0x08002972   0x08002972   0x00000000   Code   RO          628    .ARM.Collect$$rtentry$$0000000C  c_w.l(__rtentry2.o)
    0x08002972   0x08002972   0x00000008   Code   RO          629    .ARM.Collect$$rtentry$$0000000D  c_w.l(__rtentry2.o)
    0x0800297a   0x0800297a   0x00000002   Code   RO          650    .ARM.Collect$$rtexit$$00000000  c_w.l(rtexit.o)
    0x0800297c   0x0800297c   0x00000000   Code   RO          698    .ARM.Collect$$rtexit$$00000002  c_w.l(rtexit2.o)
    0x0800297c   0x0800297c   0x00000004   Code   RO          699    .ARM.Collect$$rtexit$$00000003  c_w.l(rtexit2.o)
    0x08002980   0x08002980   0x00000006   Code   RO          700    .ARM.Collect$$rtexit$$00000004  c_w.l(rtexit2.o)
    0x08002986   0x08002986   0x00000002   PAD
    0x08002988   0x08002988   0x00000006   Code   RO          442    .emb_text           sys.o
    0x0800298e   0x0800298e   0x00000002   PAD
    0x08002990   0x08002990   0x000001ac   Code   RO            1    .text               main.o
    0x08002b3c   0x08002b3c   0x00000016   Code   RO          140    .text               stm32f10x_it.o
    0x08002b52   0x08002b52   0x00000002   PAD
    0x08002b54   0x08002b54   0x000001e0   Code   RO          238    .text               system_stm32f10x.o
    0x08002d34   0x08002d34   0x00000040   Code   RO          270    .text               startup_stm32f10x_ld.o
    0x08002d74   0x08002d74   0x000000dc   Code   RO          274    .text               misc.o
    0x08002e50   0x08002e50   0x0000035c   Code   RO          312    .text               stm32f10x_gpio.o
    0x080031ac   0x080031ac   0x000003a4   Code   RO          324    .text               stm32f10x_rcc.o
    0x08003550   0x08003550   0x00000408   Code   RO          350    .text               stm32f10x_usart.o
    0x08003958   0x08003958   0x00000040   Code   RO          398    .text               stm32f10x_iwdg.o
    0x08003998   0x08003998   0x000000d4   Code   RO          422    .text               delay.o
    0x08003a6c   0x08003a6c   0x00000030   Code   RO          458    .text               led.o
    0x08003a9c   0x08003a9c   0x000002a4   Code   RO          473    .text               uart.o
    0x08003d40   0x08003d40   0x0000042c   Code   RO          497    .text               str.o
    0x0800416c   0x0800416c   0x0000068c   Code   RO          513    .text               oled.o
    0x080047f8   0x080047f8   0x0000022c   Code   RO          533    .text               dht11.o
    0x08004a24   0x08004a24   0x00000020   Code   RO          551    .text               iwdg.o
    0x08004a44   0x08004a44   0x00000002   Code   RO          568    .text               c_w.l(use_no_semi_2.o)
    0x08004a46   0x08004a46   0x0000004e   Code   RO          570    .text               c_w.l(rt_memclr_w.o)
    0x08004a94   0x08004a94   0x00000006   Code   RO          572    .text               c_w.l(heapauxi.o)
    0x08004a9a   0x08004a9a   0x00000002   Code   RO          608    .text               c_w.l(use_no_semi.o)
    0x08004a9c   0x08004a9c   0x0000004a   Code   RO          637    .text               c_w.l(sys_stackheap_outer.o)
    0x08004ae6   0x08004ae6   0x00000012   Code   RO          639    .text               c_w.l(exit.o)
    0x08004af8   0x08004af8   0x00000008   Code   RO          647    .text               c_w.l(libspace.o)
    0x08004b00   0x08004b00   0x00000062   Code   RO          576    x$fpl$d2f           fz_ws.l(d2f.o)
    0x08004b62   0x08004b62   0x00000002   PAD
    0x08004b64   0x08004b64   0x00000150   Code   RO          578    x$fpl$dadd          fz_ws.l(daddsub_clz.o)
    0x08004cb4   0x08004cb4   0x00000018   Code   RO          611    x$fpl$dcmpinf       fz_ws.l(dcmpi.o)
    0x08004ccc   0x08004ccc   0x000002b0   Code   RO          585    x$fpl$ddiv          fz_ws.l(ddiv.o)
    0x08004f7c   0x08004f7c   0x0000005e   Code   RO          588    x$fpl$dfix          fz_ws.l(dfix.o)
    0x08004fda   0x08004fda   0x0000002e   Code   RO          593    x$fpl$dflt          fz_ws.l(dflt_clz.o)
    0x08005008   0x08005008   0x00000026   Code   RO          592    x$fpl$dfltu         fz_ws.l(dflt_clz.o)
    0x0800502e   0x0800502e   0x00000002   PAD
    0x08005030   0x08005030   0x00000078   Code   RO          598    x$fpl$dleqf         fz_ws.l(dleqf.o)
    0x080050a8   0x080050a8   0x00000154   Code   RO          600    x$fpl$dmul          fz_ws.l(dmul.o)
    0x080051fc   0x080051fc   0x0000009c   Code   RO          613    x$fpl$dnaninf       fz_ws.l(dnaninf.o)
    0x08005298   0x08005298   0x0000000c   Code   RO          615    x$fpl$dretinf       fz_ws.l(dretinf.o)
    0x080052a4   0x080052a4   0x00000016   Code   RO          579    x$fpl$drsb          fz_ws.l(daddsub_clz.o)
    0x080052ba   0x080052ba   0x00000002   PAD
    0x080052bc   0x080052bc   0x000001d4   Code   RO          580    x$fpl$dsub          fz_ws.l(daddsub_clz.o)
    0x08005490   0x08005490   0x0000003e   Code   RO          602    x$fpl$ffixu         fz_ws.l(ffixu.o)
    0x080054ce   0x080054ce   0x00000002   PAD
    0x080054d0   0x080054d0   0x00000102   Code   RO          606    x$fpl$fmul          fz_ws.l(fmul.o)
    0x080055d2   0x080055d2   0x0000008c   Code   RO          617    x$fpl$fnaninf       fz_ws.l(fnaninf.o)
    0x0800565e   0x0800565e   0x0000000a   Code   RO          619    x$fpl$fretinf       fz_ws.l(fretinf.o)
    0x08005668   0x08005668   0x00000000   Code   RO          621    x$fpl$usenofp       fz_ws.l(usenofp.o)
    0x08005668   0x08005668   0x000008b8   Data   RO          515    .constdata          oled.o
    0x08005f20   0x08005f20   0x00000020   Data   RO          770    Region$$Table       anon$$obj.o


    Execution Region RW_IRAM1 (Exec base: 0x20000000, Load base: 0x08005f40, Size: 0x00000b48, Max: 0x00002800, ABSOLUTE)

    Exec Addr    Load Addr    Size         Type   Attr      Idx    E Section Name        Object

    0x20000000   0x08005f40   0x00000014   Data   RW          239    .data               system_stm32f10x.o
    0x20000014   0x08005f54   0x00000014   Data   RW          325    .data               stm32f10x_rcc.o
    0x20000028   0x08005f68   0x00000004   Data   RW          423    .data               delay.o
    0x2000002c   0x08005f6c   0x00000008   Data   RW          475    .data               uart.o
    0x20000034   0x08005f74   0x00000004   Data   RW          534    .data               dht11.o
    0x20000038        -       0x0000042a   Zero   RW          474    .bss                uart.o
    0x20000462        -       0x0000003c   Zero   RW          498    .bss                str.o
    0x2000049e        -       0x00000044   Zero   RW          514    .bss                oled.o
    0x200004e2   0x08005f78   0x00000002   PAD
    0x200004e4        -       0x00000060   Zero   RW          648    .bss                c_w.l(libspace.o)
    0x20000544   0x08005f78   0x00000004   PAD
    0x20000548        -       0x00000200   Zero   RW          268    HEAP                startup_stm32f10x_ld.o
    0x20000748        -       0x00000400   Zero   RW          267    STACK               startup_stm32f10x_ld.o


==============================================================================

Image component sizes


      Code (inc. data)   RO Data    RW Data    ZI Data      Debug   Object Name

         0          0          0          0          0         32   core_cm3.o
       212         18          0          4          0        971   delay.o
       556         20          0          4          0       2131   dht11.o
        32          0          0          0          0        408   iwdg.o
        48          6          0          0          0        431   led.o
       428         68          0          0          0     237602   main.o
       220         22          0          0          0     204429   misc.o
      1676         32       2232          0         68       7220   oled.o
        64         26        236          0       1536        768   startup_stm32f10x_ld.o
       860         38          0          0          0       5613   stm32f10x_gpio.o
        22          0          0          0          0      23955   stm32f10x_it.o
        64          6          0          0          0       1225   stm32f10x_iwdg.o
       932         36          0         20          0       8748   stm32f10x_rcc.o
      1032         22          0          0          0       8336   stm32f10x_usart.o
      1068         22          0          0         60       3908   str.o
         6          0          0          0          0        308   sys.o
       480         38          0         20          0       1635   system_stm32f10x.o
       676         30          0          8       1066       4690   uart.o

    ----------------------------------------------------------------------
      8380        384       2500         56       2732     512410   Object Totals
         0          0         32          0          0          0   (incl. Generated)
         4          0          0          0          2          0   (incl. Padding)

    ----------------------------------------------------------------------

      Code (inc. data)   RO Data    RW Data    ZI Data      Debug   Library Member Name

         8          0          0          0          0         68   __main.o
         0          0          0          0          0          0   __rtentry.o
        12          0          0          0          0          0   __rtentry2.o
         6          0          0          0          0          0   __rtentry4.o
        52          8          0          0          0          0   __scatter.o
        26          0          0          0          0          0   __scatter_copy.o
        28          0          0          0          0          0   __scatter_zi.o
        18          0          0          0          0         80   exit.o
         6          0          0          0          0        152   heapauxi.o
         2          0          0          0          0          0   libinit.o
         2          0          0          0          0          0   libinit2.o
         2          0          0          0          0          0   libshutdown.o
         2          0          0          0          0          0   libshutdown2.o
         8          4          0          0         96         68   libspace.o
        78          0          0          0          0         80   rt_memclr_w.o
         2          0          0          0          0          0   rtexit.o
        10          0          0          0          0          0   rtexit2.o
        74          0          0          0          0         80   sys_stackheap_outer.o
         2          0          0          0          0         68   use_no_semi.o
         2          0          0          0          0         68   use_no_semi_2.o
        98          4          0          0          0         92   d2f.o
       826         16          0          0          0        348   daddsub_clz.o
        24          0          0          0          0         68   dcmpi.o
       688        140          0          0          0        208   ddiv.o
        94          4          0          0          0         92   dfix.o
        84          0          0          0          0        136   dflt_clz.o
       120          4          0          0          0         92   dleqf.o
       340         12          0          0          0        104   dmul.o
       156          4          0          0          0         92   dnaninf.o
        12          0          0          0          0         68   dretinf.o
        62          4          0          0          0         84   ffixu.o
       258          4          0          0          0         84   fmul.o
       140          4          0          0          0         84   fnaninf.o
        10          0          0          0          0         68   fretinf.o
         0          0          0          0          0          0   usenofp.o

    ----------------------------------------------------------------------
      3264        208          0          0        100       2284   Library Totals
        12          0          0          0          4          0   (incl. Padding)

    ----------------------------------------------------------------------

      Code (inc. data)   RO Data    RW Data    ZI Data      Debug   Library Name

       340         12          0          0         96        664   c_w.l
      2912        196          0          0          0       1620   fz_ws.l

    ----------------------------------------------------------------------
      3264        208          0          0        100       2284   Library Totals

    ----------------------------------------------------------------------

==============================================================================


      Code (inc. data)   RO Data    RW Data    ZI Data      Debug   

     11644        592       2500         56       2832     512454   Grand Totals
     11644        592       2500         56       2832     512454   ELF Image Totals
     11644        592       2500         56          0          0   ROM Totals

==============================================================================

    Total RO  Size (Code + RO Data)                14144 (  13.81kB)
    Total RW  Size (RW Data + ZI Data)              2888 (   2.82kB)
    Total ROM Size (Code + RO Data + RW Data)      14200 (  13.87kB)

==============================================================================

